Archive member included to satisfy reference by file (symbol)

C:/ST/STM32CubeIDE_1.16.0/STM32CubeIDE/plugins/com.st.stm32cube.ide.mcu.externaltools.gnu-tools-for-stm32.12.3.rel1.win32_1.0.200.202406191623/tools/bin/../lib/gcc/arm-none-eabi/12.3.1/../../../../arm-none-eabi/lib/thumb/v7e-m+fp/hard\libc_nano.a(libc_a-exit.o)
                              C:/ST/STM32CubeIDE_1.16.0/STM32CubeIDE/plugins/com.st.stm32cube.ide.mcu.externaltools.gnu-tools-for-stm32.12.3.rel1.win32_1.0.200.202406191623/tools/bin/../lib/gcc/arm-none-eabi/12.3.1/../../../../arm-none-eabi/lib/thumb/v7e-m+fp/hard/crt0.o (exit)
C:/ST/STM32CubeIDE_1.16.0/STM32CubeIDE/plugins/com.st.stm32cube.ide.mcu.externaltools.gnu-tools-for-stm32.12.3.rel1.win32_1.0.200.202406191623/tools/bin/../lib/gcc/arm-none-eabi/12.3.1/../../../../arm-none-eabi/lib/thumb/v7e-m+fp/hard\libc_nano.a(libc_a-findfp.o)
                              C:/ST/STM32CubeIDE_1.16.0/STM32CubeIDE/plugins/com.st.stm32cube.ide.mcu.externaltools.gnu-tools-for-stm32.12.3.rel1.win32_1.0.200.202406191623/tools/bin/../lib/gcc/arm-none-eabi/12.3.1/../../../../arm-none-eabi/lib/thumb/v7e-m+fp/hard\libc_nano.a(libc_a-exit.o) (__stdio_exit_handler)
C:/ST/STM32CubeIDE_1.16.0/STM32CubeIDE/plugins/com.st.stm32cube.ide.mcu.externaltools.gnu-tools-for-stm32.12.3.rel1.win32_1.0.200.202406191623/tools/bin/../lib/gcc/arm-none-eabi/12.3.1/../../../../arm-none-eabi/lib/thumb/v7e-m+fp/hard\libc_nano.a(libc_a-fwalk.o)
                              C:/ST/STM32CubeIDE_1.16.0/STM32CubeIDE/plugins/com.st.stm32cube.ide.mcu.externaltools.gnu-tools-for-stm32.12.3.rel1.win32_1.0.200.202406191623/tools/bin/../lib/gcc/arm-none-eabi/12.3.1/../../../../arm-none-eabi/lib/thumb/v7e-m+fp/hard\libc_nano.a(libc_a-findfp.o) (_fwalk_sglue)
C:/ST/STM32CubeIDE_1.16.0/STM32CubeIDE/plugins/com.st.stm32cube.ide.mcu.externaltools.gnu-tools-for-stm32.12.3.rel1.win32_1.0.200.202406191623/tools/bin/../lib/gcc/arm-none-eabi/12.3.1/../../../../arm-none-eabi/lib/thumb/v7e-m+fp/hard\libc_nano.a(libc_a-stdio.o)
                              C:/ST/STM32CubeIDE_1.16.0/STM32CubeIDE/plugins/com.st.stm32cube.ide.mcu.externaltools.gnu-tools-for-stm32.12.3.rel1.win32_1.0.200.202406191623/tools/bin/../lib/gcc/arm-none-eabi/12.3.1/../../../../arm-none-eabi/lib/thumb/v7e-m+fp/hard\libc_nano.a(libc_a-findfp.o) (__sread)
C:/ST/STM32CubeIDE_1.16.0/STM32CubeIDE/plugins/com.st.stm32cube.ide.mcu.externaltools.gnu-tools-for-stm32.12.3.rel1.win32_1.0.200.202406191623/tools/bin/../lib/gcc/arm-none-eabi/12.3.1/../../../../arm-none-eabi/lib/thumb/v7e-m+fp/hard\libc_nano.a(libc_a-memset.o)
                              C:/ST/STM32CubeIDE_1.16.0/STM32CubeIDE/plugins/com.st.stm32cube.ide.mcu.externaltools.gnu-tools-for-stm32.12.3.rel1.win32_1.0.200.202406191623/tools/bin/../lib/gcc/arm-none-eabi/12.3.1/../../../../arm-none-eabi/lib/thumb/v7e-m+fp/hard/crt0.o (memset)
C:/ST/STM32CubeIDE_1.16.0/STM32CubeIDE/plugins/com.st.stm32cube.ide.mcu.externaltools.gnu-tools-for-stm32.12.3.rel1.win32_1.0.200.202406191623/tools/bin/../lib/gcc/arm-none-eabi/12.3.1/../../../../arm-none-eabi/lib/thumb/v7e-m+fp/hard\libc_nano.a(libc_a-closer.o)
                              C:/ST/STM32CubeIDE_1.16.0/STM32CubeIDE/plugins/com.st.stm32cube.ide.mcu.externaltools.gnu-tools-for-stm32.12.3.rel1.win32_1.0.200.202406191623/tools/bin/../lib/gcc/arm-none-eabi/12.3.1/../../../../arm-none-eabi/lib/thumb/v7e-m+fp/hard\libc_nano.a(libc_a-stdio.o) (_close_r)
C:/ST/STM32CubeIDE_1.16.0/STM32CubeIDE/plugins/com.st.stm32cube.ide.mcu.externaltools.gnu-tools-for-stm32.12.3.rel1.win32_1.0.200.202406191623/tools/bin/../lib/gcc/arm-none-eabi/12.3.1/../../../../arm-none-eabi/lib/thumb/v7e-m+fp/hard\libc_nano.a(libc_a-reent.o)
                              C:/ST/STM32CubeIDE_1.16.0/STM32CubeIDE/plugins/com.st.stm32cube.ide.mcu.externaltools.gnu-tools-for-stm32.12.3.rel1.win32_1.0.200.202406191623/tools/bin/../lib/gcc/arm-none-eabi/12.3.1/../../../../arm-none-eabi/lib/thumb/v7e-m+fp/hard\libc_nano.a(libc_a-closer.o) (errno)
C:/ST/STM32CubeIDE_1.16.0/STM32CubeIDE/plugins/com.st.stm32cube.ide.mcu.externaltools.gnu-tools-for-stm32.12.3.rel1.win32_1.0.200.202406191623/tools/bin/../lib/gcc/arm-none-eabi/12.3.1/../../../../arm-none-eabi/lib/thumb/v7e-m+fp/hard\libc_nano.a(libc_a-impure.o)
                              C:/ST/STM32CubeIDE_1.16.0/STM32CubeIDE/plugins/com.st.stm32cube.ide.mcu.externaltools.gnu-tools-for-stm32.12.3.rel1.win32_1.0.200.202406191623/tools/bin/../lib/gcc/arm-none-eabi/12.3.1/../../../../arm-none-eabi/lib/thumb/v7e-m+fp/hard\libc_nano.a(libc_a-reent.o) (_impure_ptr)
C:/ST/STM32CubeIDE_1.16.0/STM32CubeIDE/plugins/com.st.stm32cube.ide.mcu.externaltools.gnu-tools-for-stm32.12.3.rel1.win32_1.0.200.202406191623/tools/bin/../lib/gcc/arm-none-eabi/12.3.1/../../../../arm-none-eabi/lib/thumb/v7e-m+fp/hard\libc_nano.a(libc_a-lseekr.o)
[...]
Memory Configuration

Name             Origin             Length             Attributes
CCMRAM           0x10000000         0x00010000         xrw
RAM              0x20000000         0x00030000         xrw
FLASH            0x08000000         0x00200000         xr
*default*        0x00000000         0xffffffff

Linker script and memory map

LOAD C:/ST/STM32CubeIDE_1.16.0/STM32CubeIDE/plugins/com.st.stm32cube.ide.mcu.externaltools.gnu-tools-for-stm32.12.3.rel1.win32_1.0.200.202406191623/tools/bin/../lib/gcc/arm-none-eabi/12.3.1/thumb/v7e-m+fp/hard/crti.o
LOAD C:/ST/STM32CubeIDE_1.16.0/STM32CubeIDE/plugins/com.st.stm32cube.ide.mcu.externaltools.gnu-tools-for-stm32.12.3.rel1.win32_1.0.200.202406191623/tools/bin/../lib/gcc/arm-none-eabi/12.3.1/thumb/v7e-m+fp/hard/crtbegin.o
LOAD C:/ST/STM32CubeIDE_1.16.0/STM32CubeIDE/plugins/com.st.stm32cube.ide.mcu.externaltools.gnu-tools-for-stm32.12.3.rel1.win32_1.0.200.202406191623/tools/bin/../lib/gcc/arm-none-eabi/12.3.1/../../../../arm-none-eabi/lib/thumb/v7e-m+fp/hard/crt0.o
LOAD ./Src/ApplicationCode.o
LOAD ./Src/Button_Driver.o
LOAD ./Src/GPIO_Driver.o
LOAD ./Src/InterruptControl.o
LOAD ./Src/LED_Driver.o
LOAD ./Src/Scheduler.o
LOAD ./Src/main.o
LOAD ./Src/syscalls.o
LOAD ./Src/sysmem.o
LOAD ./Startup/startup_stm32f429zitx.o
START GROUP
LOAD C:/ST/STM32CubeIDE_1.16.0/STM32CubeIDE/plugins/com.st.stm32cube.ide.mcu.externaltools.gnu-tools-for-stm32.12.3.rel1.win32_1.0.200.202406191623/tools/bin/../lib/gcc/arm-none-eabi/12.3.1/../../../../arm-none-eabi/lib/thumb/v7e-m+fp/hard\libc_nano.a
LOAD C:/ST/STM32CubeIDE_1.16.0/STM32CubeIDE/plugins/com.st.stm32cube.ide.mcu.externaltools.gnu-tools-for-stm32.12.3.rel1.win32_1.0.200.202406191623/tools/bin/../lib/gcc/arm-none-eabi/12.3.1/../../../../arm-none-eabi/lib/thumb/v7e-m+fp/hard\libm.a
END GROUP
START GROUP
LOAD C:/ST/STM32CubeIDE_1.16.0/STM32CubeIDE/plugins/com.st.stm32cube.ide.mcu.externaltools.gnu-tools-for-stm32.12.3.rel1.win32_1.0.200.202406191623/tools/bin/../lib/gcc/arm-none-eabi/12.3.1/thumb/v7e-m+fp/hard\libgcc.a
LOAD C:/ST/STM32CubeIDE_1.16.0/STM32CubeIDE/plugins/com.st.stm32cube.ide.mcu.externaltools.gnu-tools-for-stm32.12.3.rel1.win32_1.0.200.202406191623/tools/bin/../lib/gcc/arm-none-eabi/12.3.1/../../../../arm-none-eabi/lib/thumb/v7e-m+fp/hard\libc_nano.a
END GROUP
START GROUP
LOAD C:/ST/STM32CubeIDE_1.16.0/STM32CubeIDE/plugins/com.st.stm32cube.ide.mcu.externaltools.gnu-tools-for-stm32.12.3.rel1.win32_1.0.200.202406191623/tools/bin/../lib/gcc/arm-none-eabi/12.3.1/thumb/v7e-m+fp/hard\libgcc.a
LOAD C:/ST/STM32CubeIDE_1.16.0/STM32CubeIDE/plugins/com.st.stm32cube.ide.mcu.externaltools.gnu-tools-for-stm32.12.3.rel1.win32_1.0.200.202406191623/tools/bin/../lib/gcc/arm-none-eabi/12.3.1/../../../../arm-none-eabi/lib/thumb/v7e-m+fp/hard\libc_nano.a
LOAD C:/ST/STM32CubeIDE_1.16.0/STM32CubeIDE/plugins/com.st.stm32cube.ide.mcu.externaltools.gnu-tools-for-stm32.12.3.rel1.win32_1.0.200.202406191623/tools/bin/../lib/gcc/arm-none-eabi/12.3.1/../../../../arm-none-eabi/lib/thumb/v7e-m+fp/hard\libnosys.a
END GROUP
START GROUP
LOAD C:/ST/STM32CubeIDE_1.16.0/STM32CubeIDE/plugins/com.st.stm32cube.ide.mcu.externaltools.gnu-tools-for-stm32.12.3.rel1.win32_1.0.200.202406191623/tools/bin/../lib/gcc/arm-none-eabi/12.3.1/thumb/v7e-m+fp/hard\libgcc.a
LOAD C:/ST/STM32CubeIDE_1.16.0/STM32CubeIDE/plugins/com.st.stm32cube.ide.mcu.externaltools.gnu-tools-for-stm32.12.3.rel1.win32_1.0.200.202406191623/tools/bin/../lib/gcc/arm-none-eabi/12.3.1/../../../../arm-none-eabi/lib/thumb/v7e-m+fp/hard\libc_nano.a
LOAD C:/ST/STM32CubeIDE_1.16.0/STM32CubeIDE/plugins/com.st.stm32cube.ide.mcu.externaltools.gnu-tools-for-stm32.12.3.rel1.win32_1.0.200.202406191623/tools/bin/../lib/gcc/arm-none-eabi/12.3.1/../../../../arm-none-eabi/lib/thumb/v7e-m+fp/hard\libnosys.a
END GROUP
LOAD C:/ST/STM32CubeIDE_1.16.0/STM32CubeIDE/plugins/com.st.stm32cube.ide.mcu.externaltools.gnu-tools-for-stm32.12.3.rel1.win32_1.0.200.202406191623/tools/bin/../lib/gcc/arm-none-eabi/12.3.1/thumb/v7e-m+fp/hard/crtend.o
LOAD C:/ST/STM32CubeIDE_1.16.0/STM32CubeIDE/plugins/com.st.stm32cube.ide.mcu.externaltools.gnu-tools-for-stm32.12.3.rel1.win32_1.0.200.202406191623/tools/bin/../lib/gcc/arm-none-eabi/12.3.1/thumb/v7e-m+fp/hard/crtn.o
                0x20030000                        _estack = (ORIGIN (RAM) + LENGTH (RAM))
                0x00000200                        _Min_Heap_Size = 0x200
                0x00000400                        _Min_Stack_Size = 0x400

.isr_vector     0x08000000      0x1ac
                0x08000000                        . = ALIGN (0x4)
 *(.isr_vector)
 .isr_vector    0x08000000      0x1ac ./Startup/startup_stm32f429zitx.o
                0x08000000                g_pfnVectors
                0x080001ac                        . = ALIGN (0x4)

.text           0x080001ac      0x6ec
                0x080001ac                        . = ALIGN (0x4)
 *(.text)
 .text          0x080001ac       0x40 C:/ST/STM32CubeIDE_1.16.0/STM32CubeIDE/plugins/com.st.stm32cube.ide.mcu.externaltools.gnu-tools-for-stm32.12.3.rel1.win32_1.0.200.202406191623/tools/bin/../lib/gcc/arm-none-eabi/12.3.1/thumb/v7e-m+fp/hard/crtbegin.o
 *(.text*)
 .text.greenLEDInit
                0x080001ec        0xe ./Src/ApplicationCode.o
                0x080001ec                greenLEDInit
 .text.redLEDInit
                0x080001fa        0xe ./Src/ApplicationCode.o
                0x080001fa                redLEDInit
 .text.activateGreenLED
                0x08000208       0x18 ./Src/ApplicationCode.o
                0x08000208                activateGreenLED
 .text.deactivateGreenLED
                0x08000220       0x18 ./Src/ApplicationCode.o
                0x08000220                deactivateGreenLED
 .text.deactivateRedLED
                0x08000238       0x18 ./Src/ApplicationCode.o
                0x08000238                deactivateRedLED
 .text.InitializeUserButton
                0x08000250        0xc ./Src/ApplicationCode.o
                0x08000250                InitializeUserButton
 .text.executeButtonPollingRoutine
                0x0800025c       0x1c ./Src/ApplicationCode.o
                0x0800025c                executeButtonPollingRoutine
 .text.AppDelay
                0x08000278       0x5c ./Src/ApplicationCode.o
                0x08000278                AppDelay
 .text.applicationInit
                0x080002d4       0x48 ./Src/ApplicationCode.o
                0x080002d4                applicationInit
 .text.User_Button_Enable_Clock
                0x0800031c       0x20 ./Src/Button_Driver.o
                0x0800031c                User_Button_Enable_Clock
 .text.User_Button_Init
                0x0800033c       0x38 ./Src/Button_Driver.o
                0x0800033c                User_Button_Init
 .text.User_Button_Is_Pressed
                0x08000374       0x20 ./Src/Button_Driver.o
                0x08000374                User_Button_Is_Pressed
 .text.GPIO_ClockControl
                0x08000394       0x80 ./Src/GPIO_Driver.o
                0x08000394                GPIO_ClockControl
 .text.GPIO_WriteToOutputPin
                0x08000414       0x4e ./Src/GPIO_Driver.o
                0x08000414                GPIO_WriteToOutputPin
 *fill*         0x08000462        0x2 
 .text.GPIO_Init
                0x08000464      0x23c ./Src/GPIO_Driver.o
                0x08000464                GPIO_Init
 .text.GPIO_ReadFromInputPin
                0x080006a0       0x2c ./Src/GPIO_Driver.o
                0x080006a0                GPIO_ReadFromInputPin
 .text.GPIO_ReturnPortNumber
                0x080006cc       0x38 ./Src/GPIO_Driver.o
                0x080006cc                GPIO_ReturnPortNumber
 .text.LED_Init
                0x08000704       0x6c ./Src/LED_Driver.o
                0x08000704                LED_Init
 .text.addSchedulerEvent
                0x08000770       0x24 ./Src/Scheduler.o
                0x08000770                addSchedulerEvent
 .text.getScheduledEvents
                0x08000794       0x18 ./Src/Scheduler.o
                0x08000794                getScheduledEvents
 .text.main     0x080007ac       0x36 ./Src/main.o
                0x080007ac                main
 *fill*         0x080007e2        0x2 
 .text.Reset_Handler
                0x080007e4       0x50 ./Startup/startup_stm32f429zitx.o
                0x080007e4                Reset_Handler
 .text.Default_Handler
                0x08000834        0x2 ./Startup/startup_stm32f429zitx.o
                0x08000834                RTC_Alarm_IRQHandler
                0x08000834                HASH_RNG_IRQHandler
                0x08000834                EXTI2_IRQHandler
                0x08000834                TIM8_CC_IRQHandler
                0x08000834                DebugMon_Handler
                0x08000834                UART8_IRQHandler
                0x08000834                SPI4_IRQHandler
                0x08000834                TIM1_CC_IRQHandler
                0x08000834                DMA2_Stream5_IRQHandler
                0x08000834                HardFault_Handler
                0x08000834                DMA1_Stream5_IRQHandler
                0x08000834                SysTick_Handler
                0x08000834                PVD_IRQHandler
                0x08000834                SDIO_IRQHandler
                0x08000834                TAMP_STAMP_IRQHandler
                0x08000834                PendSV_Handler
                0x08000834                NMI_Handler
                0x08000834                CAN2_RX1_IRQHandler
                0x08000834                EXTI3_IRQHandler
                0x08000834                TIM8_TRG_COM_TIM14_IRQHandler
                0x08000834                TIM1_UP_TIM10_IRQHandler
                0x08000834                TIM8_UP_TIM13_IRQHandler
                0x08000834                I2C3_ER_IRQHandler
                0x08000834                LCD_TFT_IRQHandler
                0x08000834                EXTI0_IRQHandler
                0x08000834                I2C2_EV_IRQHandler
                0x08000834                DMA1_Stream2_IRQHandler
                0x08000834                CAN1_RX0_IRQHandler
                0x08000834                FPU_IRQHandler
                0x08000834                OTG_HS_WKUP_IRQHandler
                0x08000834                UsageFault_Handler
                0x08000834                CAN2_SCE_IRQHandler
                0x08000834                DMA2_Stream2_IRQHandler
                0x08000834                SPI1_IRQHandler
                0x08000834                TIM6_DAC_IRQHandler
                0x08000834                TIM1_BRK_TIM9_IRQHandler
                0x08000834                DCMI_IRQHandler
                0x08000834                CAN2_RX0_IRQHandler
                0x08000834                DMA2_Stream3_IRQHandler
                0x08000834                USART6_IRQHandler
                0x08000834                USART3_IRQHandler
                0x08000834                CRYP_IRQHandler
                0x08000834                CAN1_RX1_IRQHandler
                0x08000834                UART5_IRQHandler
                0x08000834                DMA2_Stream0_IRQHandler
                0x08000834                TIM4_IRQHandler
                0x08000834                I2C1_EV_IRQHandler
                0x08000834                DMA1_Stream6_IRQHandler
                0x08000834                DMA1_Stream1_IRQHandler
                0x08000834                UART4_IRQHandler
                0x08000834                LCD_TFT_1_IRQHandler
                0x08000834                TIM3_IRQHandler
                0x08000834                RCC_IRQHandler
                0x08000834                TIM8_BRK_TIM12_IRQHandler
                0x08000834                Default_Handler
                0x08000834                EXTI15_10_IRQHandler
                0x08000834                ADC_IRQHandler
                0x08000834                DMA1_Stream7_IRQHandler
                0x08000834                SPI5_IRQHandler
                0x08000834                TIM7_IRQHandler
                0x08000834                CAN2_TX_IRQHandler
                0x08000834                TIM5_IRQHandler
                0x08000834                DMA2_Stream7_IRQHandler
                0x08000834                I2C3_EV_IRQHandler
                0x08000834                EXTI9_5_IRQHandler
                0x08000834                RTC_WKUP_IRQHandler
                0x08000834                ETH_WKUP_IRQHandler
                0x08000834                SPI2_IRQHandler
                0x08000834                OTG_HS_EP1_IN_IRQHandler
                0x08000834                MemManage_Handler
                0x08000834                DMA1_Stream0_IRQHandler
                0x08000834                CAN1_TX_IRQHandler
                0x08000834                SVC_Handler
                0x08000834                EXTI4_IRQHandler
                0x08000834                ETH_IRQHandler
                0x08000834                OTG_HS_EP1_OUT_IRQHandler
                0x08000834                WWDG_IRQHandler
                0x08000834                SPI6_IRQHandler
                0x08000834                TIM2_IRQHandler
                0x08000834                OTG_FS_WKUP_IRQHandler
                0x08000834                TIM1_TRG_COM_TIM11_IRQHandler
                0x08000834                OTG_HS_IRQHandler
                0x08000834                DMA2D_IRQHandler
                0x08000834                EXTI1_IRQHandler
                0x08000834                UART7_IRQHandler
                0x08000834                USART2_IRQHandler
                0x08000834                I2C2_ER_IRQHandler
                0x08000834                DMA2_Stream1_IRQHandler
                0x08000834                CAN1_SCE_IRQHandler
                0x08000834                FLASH_IRQHandler
                0x08000834                DMA2_Stream4_IRQHandler
                0x08000834                BusFault_Handler
                0x08000834                USART1_IRQHandler
                0x08000834                OTG_FS_IRQHandler
                0x08000834                SPI3_IRQHandler
                0x08000834                DMA1_Stream4_IRQHandler
                0x08000834                I2C1_ER_IRQHandler
                0x08000834                FMC_IRQHandler
                0x08000834                DMA2_Stream6_IRQHandler
                0x08000834                SAI1_IRQHandler
                0x08000834                DMA1_Stream3_IRQHandler
 *fill*         0x08000836        0x2 
 .text.__libc_init_array
                0x08000838       0x48 C:/ST/STM32CubeIDE_1.16.0/STM32CubeIDE/plugins/com.st.stm32cube.ide.mcu.externaltools.gnu-tools-for-stm32.12.3.rel1.win32_1.0.200.202406191623/tools/bin/../lib/gcc/arm-none-eabi/12.3.1/../../../../arm-none-eabi/lib/thumb/v7e-m+fp/hard\libc_nano.a(libc_a-init.o)
                0x08000838                __libc_init_array
 *(.glue_7)
 .glue_7        0x08000880        0x0 linker stubs
 *(.glue_7t)
 .glue_7t       0x08000880        0x0 linker stubs
 *(.eh_frame)
 .eh_frame      0x08000880        0x0 C:/ST/STM32CubeIDE_1.16.0/STM32CubeIDE/plugins/com.st.stm32cube.ide.mcu.externaltools.gnu-tools-for-stm32.12.3.rel1.win32_1.0.200.202406191623/tools/bin/../lib/gcc/arm-none-eabi/12.3.1/thumb/v7e-m+fp/hard/crtbegin.o
 *(.init)
 .init          0x08000880        0x4 C:/ST/STM32CubeIDE_1.16.0/STM32CubeIDE/plugins/com.st.stm32cube.ide.mcu.externaltools.gnu-tools-for-stm32.12.3.rel1.win32_1.0.200.202406191623/tools/bin/../lib/gcc/arm-none-eabi/12.3.1/thumb/v7e-m+fp/hard/crti.o
                0x08000880                _init
 .init          0x08000884        0x8 C:/ST/STM32CubeIDE_1.16.0/STM32CubeIDE/plugins/com.st.stm32cube.ide.mcu.externaltools.gnu-tools-for-stm32.12.3.rel1.win32_1.0.200.202406191623/tools/bin/../lib/gcc/arm-none-eabi/12.3.1/thumb/v7e-m+fp/hard/crtn.o
 *(.fini)
 .fini          0x0800088c        0x4 C:/ST/STM32CubeIDE_1.16.0/STM32CubeIDE/plugins/com.st.stm32cube.ide.mcu.externaltools.gnu-tools-for-stm32.12.3.rel1.win32_1.0.200.202406191623/tools/bin/../lib/gcc/arm-none-eabi/12.3.1/thumb/v7e-m+fp/hard/crti.o
                0x0800088c                _fini
 .fini          0x08000890        0x8 C:/ST/STM32CubeIDE_1.16.0/STM32CubeIDE/plugins/com.st.stm32cube.ide.mcu.externaltools.gnu-tools-for-stm32.12.3.rel1.win32_1.0.200.202406191623/tools/bin/../lib/gcc/arm-none-eabi/12.3.1/thumb/v7e-m+fp/hard/crtn.o
                0x08000898                        . = ALIGN (0x4)
                0x08000898                        _etext = .

.vfp11_veneer   0x08000898        0x0
 .vfp11_veneer  0x08000898        0x0 linker stubs

.v4_bx          0x08000898        0x0
 .v4_bx         0x08000898        0x0 linker stubs

.iplt           0x08000898        0x0
 .iplt          0x08000898        0x0 C:/ST/STM32CubeIDE_1.16.0/STM32CubeIDE/plugins/com.st.stm32cube.ide.mcu.externaltools.gnu-tools-for-stm32.12.3.rel1.win32_1.0.200.202406191623/tools/bin/../lib/gcc/arm-none-eabi/12.3.1/thumb/v7e-m+fp/hard/crtbegin.o

.rodata         0x08000898        0x0
                0x08000898                        . = ALIGN (0x4)
 *(.rodata)
 *(.rodata*)
                0x08000898                        . = ALIGN (0x4)

.ARM.extab      0x08000898        0x0
                0x08000898                        . = ALIGN (0x4)
 *(.ARM.extab* .gnu.linkonce.armextab.*)
                0x08000898                        . = ALIGN (0x4)

.ARM            0x08000898        0x0
                0x08000898                        . = ALIGN (0x4)
                0x08000898                        __exidx_start = .
 *(.ARM.exidx*)
                0x08000898                        __exidx_end = .
                0x08000898                        . = ALIGN (0x4)

.preinit_array  0x08000898        0x0
                0x08000898                        . = ALIGN (0x4)
                0x08000898                        PROVIDE (__preinit_array_start = .)
 *(.preinit_array*)
                0x08000898                        PROVIDE (__preinit_array_end = .)
                0x08000898                        . = ALIGN (0x4)

.init_array     0x08000898        0x4
                0x08000898                        . = ALIGN (0x4)
                0x08000898                        PROVIDE (__init_array_start = .)
 *(SORT_BY_NAME(.init_array.*))
 *(.init_array*)
 .init_array    0x08000898        0x4 C:/ST/STM32CubeIDE_1.16.0/STM32CubeIDE/plugins/com.st.stm32cube.ide.mcu.externaltools.gnu-tools-for-stm32.12.3.rel1.win32_1.0.200.202406191623/tools/bin/../lib/gcc/arm-none-eabi/12.3.1/thumb/v7e-m+fp/hard/crtbegin.o
                0x0800089c                        PROVIDE (__init_array_end = .)
                0x0800089c                        . = ALIGN (0x4)

.fini_array     0x0800089c        0x4
                0x0800089c                        . = ALIGN (0x4)
                [!provide]                        PROVIDE (__fini_array_start = .)
 *(SORT_BY_NAME(.fini_array.*))
 *(.fini_array*)
 .fini_array    0x0800089c        0x4 C:/ST/STM32CubeIDE_1.16.0/STM32CubeIDE/plugins/com.st.stm32cube.ide.mcu.externaltools.gnu-tools-for-stm32.12.3.rel1.win32_1.0.200.202406191623/tools/bin/../lib/gcc/arm-none-eabi/12.3.1/thumb/v7e-m+fp/hard/crtbegin.o
                [!provide]                        PROVIDE (__fini_array_end = .)
                0x080008a0                        . = ALIGN (0x4)
                0x080008a0                        _sidata = LOADADDR (.data)

.rel.dyn        0x080008a0        0x0
 .rel.iplt      0x080008a0        0x0 C:/ST/STM32CubeIDE_1.16.0/STM32CubeIDE/plugins/com.st.stm32cube.ide.mcu.externaltools.gnu-tools-for-stm32.12.3.rel1.win32_1.0.200.202406191623/tools/bin/../lib/gcc/arm-none-eabi/12.3.1/thumb/v7e-m+fp/hard/crtbegin.o

.data           0x20000000        0x0 load address 0x080008a0
                0x20000000                        . = ALIGN (0x4)
                0x20000000                        _sdata = .
 *(.data)
 *(.data*)
 *(.RamFunc)
 *(.RamFunc*)
                0x20000000                        . = ALIGN (0x4)
                0x20000000                        _edata = .
                0x080008a0                        _siccmram = LOADADDR (.ccmram)

.igot.plt       0x20000000        0x0 load address 0x080008a0
 .igot.plt      0x20000000        0x0 C:/ST/STM32CubeIDE_1.16.0/STM32CubeIDE/plugins/com.st.stm32cube.ide.mcu.externaltools.gnu-tools-for-stm32.12.3.rel1.win32_1.0.200.202406191623/tools/bin/../lib/gcc/arm-none-eabi/12.3.1/thumb/v7e-m+fp/hard/crtbegin.o

.ccmram         0x10000000        0x0 load address 0x080008a0
                0x10000000                        . = ALIGN (0x4)
                0x10000000                        _sccmram = .
 *(.ccmram)
 *(.ccmram*)
                0x10000000                        . = ALIGN (0x4)
                0x10000000                        _eccmram = .
                0x10000000                        . = ALIGN (0x4)

.bss            0x20000000       0x28
                0x20000000                        _sbss = .
                0x20000000                        __bss_start__ = _sbss
 *(.bss)
 .bss           0x20000000       0x1c C:/ST/STM32CubeIDE_1.16.0/STM32CubeIDE/plugins/com.st.stm32cube.ide.mcu.externaltools.gnu-tools-for-stm32.12.3.rel1.win32_1.0.200.202406191623/tools/bin/../lib/gcc/arm-none-eabi/12.3.1/thumb/v7e-m+fp/hard/crtbegin.o
 *(.bss*)
 .bss.GPIOConfig
                0x2000001c        0x7 ./Src/Button_Driver.o
                0x2000001c                GPIOConfig
 *fill*         0x20000023        0x1 
 .bss.ScheduledEvents
                0x20000024        0x4 ./Src/Scheduler.o
                0x20000024                ScheduledEvents
 *(COMMON)
                0x20000028                        . = ALIGN (0x4)
                0x20000028                        _ebss = .
                0x20000028                        __bss_end__ = _ebss

._user_heap_stack
                0x20000028      0x600
                0x20000028                        . = ALIGN (0x8)
                [!provide]                        PROVIDE (end = .)
                0x20000028                        PROVIDE (_end = .)
                0x20000228                        . = (. + _Min_Heap_Size)
 *fill*         0x20000028      0x200 
                0x20000628                        . = (. + _Min_Stack_Size)
 *fill*         0x20000228      0x400 
                0x20000628                        . = ALIGN (0x8)

/DISCARD/
 libc.a(*)
 libm.a(*)
 libgcc.a(*)

.ARM.attributes
                0x00000000       0x30
 *(.ARM.attributes)
 .ARM.attributes
                0x00000000       0x22 C:/ST/STM32CubeIDE_1.16.0/STM32CubeIDE/plugins/com.st.stm32cube.ide.mcu.externaltools.gnu-tools-for-stm32.12.3.rel1.win32_1.0.200.202406191623/tools/bin/../lib/gcc/arm-none-eabi/12.3.1/thumb/v7e-m+fp/hard/crti.o
 .ARM.attributes
                0x00000022       0x34 C:/ST/STM32CubeIDE_1.16.0/STM32CubeIDE/plugins/com.st.stm32cube.ide.mcu.externaltools.gnu-tools-for-stm32.12.3.rel1.win32_1.0.200.202406191623/tools/bin/../lib/gcc/arm-none-eabi/12.3.1/thumb/v7e-m+fp/hard/crtbegin.o
 .ARM.attributes
                0x00000056       0x34 ./Src/ApplicationCode.o
 .ARM.attributes
                0x0000008a       0x34 ./Src/Button_Driver.o
 .ARM.attributes
                0x000000be       0x34 ./Src/GPIO_Driver.o
 .ARM.attributes
                0x000000f2       0x34 ./Src/LED_Driver.o
 .ARM.attributes
                0x00000126       0x34 ./Src/Scheduler.o
 .ARM.attributes
                0x0000015a       0x34 ./Src/main.o
 .ARM.attributes
                0x0000018e       0x21 ./Startup/startup_stm32f429zitx.o
 .ARM.attributes
                0x000001af       0x34 C:/ST/STM32CubeIDE_1.16.0/STM32CubeIDE/plugins/com.st.stm32cube.ide.mcu.externaltools.gnu-tools-for-stm32.12.3.rel1.win32_1.0.200.202406191623/tools/bin/../lib/gcc/arm-none-eabi/12.3.1/../../../../arm-none-eabi/lib/thumb/v7e-m+fp/hard\libc_nano.a(libc_a-init.o)
 .ARM.attributes
                0x000001e3       0x22 C:/ST/STM32CubeIDE_1.16.0/STM32CubeIDE/plugins/com.st.stm32cube.ide.mcu.externaltools.gnu-tools-for-stm32.12.3.rel1.win32_1.0.200.202406191623/tools/bin/../lib/gcc/arm-none-eabi/12.3.1/thumb/v7e-m+fp/hard/crtn.o
OUTPUT(SKadkhodayanLab3.elf elf32-littlearm)
LOAD linker stubs
LOAD C:/ST/STM32CubeIDE_1.16.0/STM32CubeIDE/plugins/com.st.stm32cube.ide.mcu.externaltools.gnu-tools-for-stm32.12.3.rel1.win32_1.0.200.202406191623/tools/bin/../lib/gcc/arm-none-eabi/12.3.1/../../../../arm-none-eabi/lib/thumb/v7e-m+fp/hard\libc.a
LOAD C:/ST/STM32CubeIDE_1.16.0/STM32CubeIDE/plugins/com.st.stm32cube.ide.mcu.externaltools.gnu-tools-for-stm32.12.3.rel1.win32_1.0.200.202406191623/tools/bin/../lib/gcc/arm-none-eabi/12.3.1/../../../../arm-none-eabi/lib/thumb/v7e-m+fp/hard\libm.a
LOAD C:/ST/STM32CubeIDE_1.16.0/STM32CubeIDE/plugins/com.st.stm32cube.ide.mcu.externaltools.gnu-tools-for-stm32.12.3.rel1.win32_1.0.200.202406191623/tools/bin/../lib/gcc/arm-none-eabi/12.3.1/thumb/v7e-m+fp/hard\libgcc.a

.debug_info     0x00000000     0x121a
 .debug_info    0x00000000      0x326 ./Src/ApplicationCode.o
 .debug_info    0x00000326      0x417 ./Src/Button_Driver.o
 .debug_info    0x0000073d      0x639 ./Src/GPIO_Driver.o
 .debug_info    0x00000d76      0x292 ./Src/LED_Driver.o
 .debug_info    0x00001008       0xf7 ./Src/Scheduler.o
 .debug_info    0x000010ff       0xeb ./Src/main.o
 .debug_info    0x000011ea       0x30 ./Startup/startup_stm32f429zitx.o

.debug_abbrev   0x00000000      0x63e
 .debug_abbrev  0x00000000      0x163 ./Src/ApplicationCode.o
 .debug_abbrev  0x00000163      0x123 ./Src/Button_Driver.o
 .debug_abbrev  0x00000286      0x12d ./Src/GPIO_Driver.o
 .debug_abbrev  0x000003b3      0x108 ./Src/LED_Driver.o
 .debug_abbrev  0x000004bb       0xad ./Src/Scheduler.o
 .debug_abbrev  0x00000568       0xb2 ./Src/main.o
 .debug_abbrev  0x0000061a       0x24 ./Startup/startup_stm32f429zitx.o

.debug_aranges  0x00000000      0x1b0
 .debug_aranges
                0x00000000       0x78 ./Src/ApplicationCode.o
 .debug_aranges
                0x00000078       0x38 ./Src/Button_Driver.o
 .debug_aranges
                0x000000b0       0x50 ./Src/GPIO_Driver.o
 .debug_aranges
                0x00000100       0x38 ./Src/LED_Driver.o
 .debug_aranges
                0x00000138       0x30 ./Src/Scheduler.o
 .debug_aranges
                0x00000168       0x20 ./Src/main.o
 .debug_aranges
                0x00000188       0x28 ./Startup/startup_stm32f429zitx.o

.debug_rnglists
                0x00000000      0x123
 .debug_rnglists
                0x00000000       0x55 ./Src/ApplicationCode.o
 .debug_rnglists
                0x00000055       0x25 ./Src/Button_Driver.o
 .debug_rnglists
                0x0000007a       0x39 ./Src/GPIO_Driver.o
 .debug_rnglists
                0x000000b3       0x25 ./Src/LED_Driver.o
 .debug_rnglists
                0x000000d8       0x1f ./Src/Scheduler.o
 .debug_rnglists
                0x000000f7       0x13 ./Src/main.o
 .debug_rnglists
                0x0000010a       0x19 ./Startup/startup_stm32f429zitx.o

.debug_macro    0x00000000     0x1645
 .debug_macro   0x00000000       0xb7 ./Src/ApplicationCode.o
 .debug_macro   0x000000b7      0xac0 ./Src/ApplicationCode.o
 .debug_macro   0x00000b77       0x22 ./Src/ApplicationCode.o
 .debug_macro   0x00000b99       0x8e ./Src/ApplicationCode.o
 .debug_macro   0x00000c27       0x51 ./Src/ApplicationCode.o
 .debug_macro   0x00000c78      0x103 ./Src/ApplicationCode.o
 .debug_macro   0x00000d7b       0x6a ./Src/ApplicationCode.o
 .debug_macro   0x00000de5      0x1df ./Src/ApplicationCode.o
 .debug_macro   0x00000fc4       0x22 ./Src/ApplicationCode.o
 .debug_macro   0x00000fe6       0xc4 ./Src/ApplicationCode.o
 .debug_macro   0x000010aa       0x16 ./Src/ApplicationCode.o
 .debug_macro   0x000010c0       0x16 ./Src/ApplicationCode.o
 .debug_macro   0x000010d6       0x22 ./Src/ApplicationCode.o
 .debug_macro   0x000010f8      0x106 ./Src/ApplicationCode.o
 .debug_macro   0x000011fe       0x22 ./Src/ApplicationCode.o
 .debug_macro   0x00001220       0x10 ./Src/ApplicationCode.o
 .debug_macro   0x00001230       0x93 ./Src/Button_Driver.o
 .debug_macro   0x000012c3       0x1c ./Src/Button_Driver.o
 .debug_macro   0x000012df       0x8a ./Src/GPIO_Driver.o
 .debug_macro   0x00001369      0x100 ./Src/GPIO_Driver.o
 .debug_macro   0x00001469       0x93 ./Src/LED_Driver.o
 .debug_macro   0x000014fc       0x10 ./Src/LED_Driver.o
 .debug_macro   0x0000150c       0x8a ./Src/Scheduler.o
 .debug_macro   0x00001596       0x1c ./Src/Scheduler.o
 .debug_macro   0x000015b2       0x93 ./Src/main.o

.debug_line     0x00000000     0x1fb0
 .debug_line    0x00000000      0x5ff ./Src/ApplicationCode.o
 .debug_line    0x000005ff      0x4ca ./Src/Button_Driver.o
 .debug_line    0x00000ac9      0x6b6 ./Src/GPIO_Driver.o
 .debug_line    0x0000117f      0x4d3 ./Src/LED_Driver.o
 .debug_line    0x00001652      0x475 ./Src/Scheduler.o
 .debug_line    0x00001ac7      0x46e ./Src/main.o
 .debug_line    0x00001f35       0x7b ./Startup/startup_stm32f429zitx.o

.debug_str      0x00000000     0x4adb
 .debug_str     0x00000000     0x4705 ./Src/ApplicationCode.o
                               0x4897 (size before relaxing)
 .debug_str     0x00004705      0x1e0 ./Src/Button_Driver.o
                               0x4816 (size before relaxing)
 .debug_str     0x000048e5      0x127 ./Src/GPIO_Driver.o
                               0x488a (size before relaxing)
 .debug_str     0x00004a0c       0x30 ./Src/LED_Driver.o
                               0x4698 (size before relaxing)
 .debug_str     0x00004a3c       0x41 ./Src/Scheduler.o
                               0x42cf (size before relaxing)
 .debug_str     0x00004a7d       0x1f ./Src/main.o
                               0x4324 (size before relaxing)
 .debug_str     0x00004a9c       0x3f ./Startup/startup_stm32f429zitx.o
                                 0x82 (size before relaxing)

.comment        0x00000000       0x43
 .comment       0x00000000       0x43 ./Src/ApplicationCode.o
                                 0x44 (size before relaxing)
 .comment       0x00000043       0x44 ./Src/Button_Driver.o
 .comment       0x00000043       0x44 ./Src/GPIO_Driver.o
 .comment       0x00000043       0x44 ./Src/LED_Driver.o
 .comment       0x00000043       0x44 ./Src/Scheduler.o
 .comment       0x00000043       0x44 ./Src/main.o

.debug_frame    0x00000000      0x494
 .debug_frame   0x00000000      0x16c ./Src/ApplicationCode.o
 .debug_frame   0x0000016c       0x84 ./Src/Button_Driver.o
 .debug_frame   0x000001f0      0x128 ./Src/GPIO_Driver.o
 .debug_frame   0x00000318       0xa0 ./Src/LED_Driver.o
 .debug_frame   0x000003b8       0x80 ./Src/Scheduler.o
 .debug_frame   0x00000438       0x30 ./Src/main.o
 .debug_frame   0x00000468       0x2c C:/ST/STM32CubeIDE_1.16.0/STM32CubeIDE/plugins/com.st.stm32cube.ide.mcu.externaltools.gnu-tools-for-stm32.12.3.rel1.win32_1.0.200.202406191623/tools/bin/../lib/gcc/arm-none-eabi/12.3.1/../../../../arm-none-eabi/lib/thumb/v7e-m+fp/hard\libc_nano.a(libc_a-init.o)

.debug_line_str
                0x00000000       0x66
 .debug_line_str
                0x00000000       0x66 ./Startup/startup_stm32f429zitx.o
