Archive member included to satisfy reference by file (symbol)

C:/ST/STM32CubeIDE_1.16.0/STM32CubeIDE/plugins/com.st.stm32cube.ide.mcu.externaltools.gnu-tools-for-stm32.12.3.rel1.win32_1.0.200.202406191623/tools/bin/../lib/gcc/arm-none-eabi/12.3.1/../../../../arm-none-eabi/lib/thumb/v7e-m/nofp\libc_nano.a(libc_a-exit.o)
                              C:/ST/STM32CubeIDE_1.16.0/STM32CubeIDE/plugins/com.st.stm32cube.ide.mcu.externaltools.gnu-tools-for-stm32.12.3.rel1.win32_1.0.200.202406191623/tools/bin/../lib/gcc/arm-none-eabi/12.3.1/../../../../arm-none-eabi/lib/thumb/v7e-m/nofp/crt0.o (exit)
C:/ST/STM32CubeIDE_1.16.0/STM32CubeIDE/plugins/com.st.stm32cube.ide.mcu.externaltools.gnu-tools-for-stm32.12.3.rel1.win32_1.0.200.202406191623/tools/bin/../lib/gcc/arm-none-eabi/12.3.1/../../../../arm-none-eabi/lib/thumb/v7e-m/nofp\libc_nano.a(libc_a-findfp.o)
                              C:/ST/STM32CubeIDE_1.16.0/STM32CubeIDE/plugins/com.st.stm32cube.ide.mcu.externaltools.gnu-tools-for-stm32.12.3.rel1.win32_1.0.200.202406191623/tools/bin/../lib/gcc/arm-none-eabi/12.3.1/../../../../arm-none-eabi/lib/thumb/v7e-m/nofp\libc_nano.a(libc_a-exit.o) (__stdio_exit_handler)
C:/ST/STM32CubeIDE_1.16.0/STM32CubeIDE/plugins/com.st.stm32cube.ide.mcu.externaltools.gnu-tools-for-stm32.12.3.rel1.win32_1.0.200.202406191623/tools/bin/../lib/gcc/arm-none-eabi/12.3.1/../../../../arm-none-eabi/lib/thumb/v7e-m/nofp\libc_nano.a(libc_a-fwalk.o)
                              C:/ST/STM32CubeIDE_1.16.0/STM32CubeIDE/plugins/com.st.stm32cube.ide.mcu.externaltools.gnu-tools-for-stm32.12.3.rel1.win32_1.0.200.202406191623/tools/bin/../lib/gcc/arm-none-eabi/12.3.1/../../../../arm-none-eabi/lib/thumb/v7e-m/nofp\libc_nano.a(libc_a-findfp.o) (_fwalk_sglue)
C:/ST/STM32CubeIDE_1.16.0/STM32CubeIDE/plugins/com.st.stm32cube.ide.mcu.externaltools.gnu-tools-for-stm32.12.3.rel1.win32_1.0.200.202406191623/tools/bin/../lib/gcc/arm-none-eabi/12.3.1/../../../../arm-none-eabi/lib/thumb/v7e-m/nofp\libc_nano.a(libc_a-stdio.o)
                              C:/ST/STM32CubeIDE_1.16.0/STM32CubeIDE/plugins/com.st.stm32cube.ide.mcu.externaltools.gnu-tools-for-stm32.12.3.rel1.win32_1.0.200.202406191623/tools/bin/../lib/gcc/arm-none-eabi/12.3.1/../../../../arm-none-eabi/lib/thumb/v7e-m/nofp\libc_nano.a(libc_a-findfp.o) (__sread)
C:/ST/STM32CubeIDE_1.16.0/STM32CubeIDE/plugins/com.st.stm32cube.ide.mcu.externaltools.gnu-tools-for-stm32.12.3.rel1.win32_1.0.200.202406191623/tools/bin/../lib/gcc/arm-none-eabi/12.3.1/../../../../arm-none-eabi/lib/thumb/v7e-m/nofp\libc_nano.a(libc_a-memset.o)
                              C:/ST/STM32CubeIDE_1.16.0/STM32CubeIDE/plugins/com.st.stm32cube.ide.mcu.externaltools.gnu-tools-for-stm32.12.3.rel1.win32_1.0.200.202406191623/tools/bin/../lib/gcc/arm-none-eabi/12.3.1/../../../../arm-none-eabi/lib/thumb/v7e-m/nofp/crt0.o (memset)
C:/ST/STM32CubeIDE_1.16.0/STM32CubeIDE/plugins/com.st.stm32cube.ide.mcu.externaltools.gnu-tools-for-stm32.12.3.rel1.win32_1.0.200.202406191623/tools/bin/../lib/gcc/arm-none-eabi/12.3.1/../../../../arm-none-eabi/lib/thumb/v7e-m/nofp\libc_nano.a(libc_a-closer.o)
                              C:/ST/STM32CubeIDE_1.16.0/STM32CubeIDE/plugins/com.st.stm32cube.ide.mcu.externaltools.gnu-tools-for-stm32.12.3.rel1.win32_1.0.200.202406191623/tools/bin/../lib/gcc/arm-none-eabi/12.3.1/../../../../arm-none-eabi/lib/thumb/v7e-m/nofp\libc_nano.a(libc_a-stdio.o) (_close_r)
C:/ST/STM32CubeIDE_1.16.0/STM32CubeIDE/plugins/com.st.stm32cube.ide.mcu.externaltools.gnu-tools-for-stm32.12.3.rel1.win32_1.0.200.202406191623/tools/bin/../lib/gcc/arm-none-eabi/12.3.1/../../../../arm-none-eabi/lib/thumb/v7e-m/nofp\libc_nano.a(libc_a-reent.o)
                              C:/ST/STM32CubeIDE_1.16.0/STM32CubeIDE/plugins/com.st.stm32cube.ide.mcu.externaltools.gnu-tools-for-stm32.12.3.rel1.win32_1.0.200.202406191623/tools/bin/../lib/gcc/arm-none-eabi/12.3.1/../../../../arm-none-eabi/lib/thumb/v7e-m/nofp\libc_nano.a(libc_a-closer.o) (errno)
C:/ST/STM32CubeIDE_1.16.0/STM32CubeIDE/plugins/com.st.stm32cube.ide.mcu.externaltools.gnu-tools-for-stm32.12.3.rel1.win32_1.0.200.202406191623/tools/bin/../lib/gcc/arm-none-eabi/12.3.1/../../../../arm-none-eabi/lib/thumb/v7e-m/nofp\libc_nano.a(libc_a-impure.o)
                              C:/ST/STM32CubeIDE_1.16.0/STM32CubeIDE/plugins/com.st.stm32cube.ide.mcu.externaltools.gnu-tools-for-stm32.12.3.rel1.win32_1.0.200.202406191623/tools/bin/../lib/gcc/arm-none-eabi/12.3.1/../../../../arm-none-eabi/lib/thumb/v7e-m/nofp\libc_nano.a(libc_a-reent.o) (_impure_ptr)
C:/ST/STM32CubeIDE_1.16.0/STM32CubeIDE/plugins/com.st.stm32cube.ide.mcu.externaltools.gnu-tools-for-stm32.12.3.rel1.win32_1.0.200.202406191623/tools/bin/../lib/gcc/arm-none-eabi/12.3.1/../../../../arm-none-eabi/lib/thumb/v7e-m/nofp\libc_nano.a(libc_a-lseekr.o)
[...]
Memory Configuration

Name             Origin             Length             Attributes
CCMRAM           0x10000000         0x00010000         xrw
RAM              0x20000000         0x00030000         xrw
FLASH            0x08000000         0x00200000         xr
*default*        0x00000000         0xffffffff

Linker script and memory map

LOAD C:/ST/STM32CubeIDE_1.16.0/STM32CubeIDE/plugins/com.st.stm32cube.ide.mcu.externaltools.gnu-tools-for-stm32.12.3.rel1.win32_1.0.200.202406191623/tools/bin/../lib/gcc/arm-none-eabi/12.3.1/thumb/v7e-m/nofp/crti.o
LOAD C:/ST/STM32CubeIDE_1.16.0/STM32CubeIDE/plugins/com.st.stm32cube.ide.mcu.externaltools.gnu-tools-for-stm32.12.3.rel1.win32_1.0.200.202406191623/tools/bin/../lib/gcc/arm-none-eabi/12.3.1/thumb/v7e-m/nofp/crtbegin.o
LOAD C:/ST/STM32CubeIDE_1.16.0/STM32CubeIDE/plugins/com.st.stm32cube.ide.mcu.externaltools.gnu-tools-for-stm32.12.3.rel1.win32_1.0.200.202406191623/tools/bin/../lib/gcc/arm-none-eabi/12.3.1/../../../../arm-none-eabi/lib/thumb/v7e-m/nofp/crt0.o
LOAD ./Src/ApplicationCode.o
LOAD ./Src/Button_Driver.o
LOAD ./Src/GPIO_Driver.o
LOAD ./Src/InterruptControl.o
LOAD ./Src/LED_Driver.o
LOAD ./Src/Scheduler.o
LOAD ./Src/main.o
LOAD ./Src/syscalls.o
LOAD ./Src/sysmem.o
LOAD ./Startup/startup_stm32f429zitx.o
START GROUP
LOAD C:/ST/STM32CubeIDE_1.16.0/STM32CubeIDE/plugins/com.st.stm32cube.ide.mcu.externaltools.gnu-tools-for-stm32.12.3.rel1.win32_1.0.200.202406191623/tools/bin/../lib/gcc/arm-none-eabi/12.3.1/../../../../arm-none-eabi/lib/thumb/v7e-m/nofp\libc_nano.a
LOAD C:/ST/STM32CubeIDE_1.16.0/STM32CubeIDE/plugins/com.st.stm32cube.ide.mcu.externaltools.gnu-tools-for-stm32.12.3.rel1.win32_1.0.200.202406191623/tools/bin/../lib/gcc/arm-none-eabi/12.3.1/../../../../arm-none-eabi/lib/thumb/v7e-m/nofp\libm.a
END GROUP
START GROUP
LOAD C:/ST/STM32CubeIDE_1.16.0/STM32CubeIDE/plugins/com.st.stm32cube.ide.mcu.externaltools.gnu-tools-for-stm32.12.3.rel1.win32_1.0.200.202406191623/tools/bin/../lib/gcc/arm-none-eabi/12.3.1/thumb/v7e-m/nofp\libgcc.a
LOAD C:/ST/STM32CubeIDE_1.16.0/STM32CubeIDE/plugins/com.st.stm32cube.ide.mcu.externaltools.gnu-tools-for-stm32.12.3.rel1.win32_1.0.200.202406191623/tools/bin/../lib/gcc/arm-none-eabi/12.3.1/../../../../arm-none-eabi/lib/thumb/v7e-m/nofp\libc_nano.a
END GROUP
START GROUP
LOAD C:/ST/STM32CubeIDE_1.16.0/STM32CubeIDE/plugins/com.st.stm32cube.ide.mcu.externaltools.gnu-tools-for-stm32.12.3.rel1.win32_1.0.200.202406191623/tools/bin/../lib/gcc/arm-none-eabi/12.3.1/thumb/v7e-m/nofp\libgcc.a
LOAD C:/ST/STM32CubeIDE_1.16.0/STM32CubeIDE/plugins/com.st.stm32cube.ide.mcu.externaltools.gnu-tools-for-stm32.12.3.rel1.win32_1.0.200.202406191623/tools/bin/../lib/gcc/arm-none-eabi/12.3.1/../../../../arm-none-eabi/lib/thumb/v7e-m/nofp\libc_nano.a
LOAD C:/ST/STM32CubeIDE_1.16.0/STM32CubeIDE/plugins/com.st.stm32cube.ide.mcu.externaltools.gnu-tools-for-stm32.12.3.rel1.win32_1.0.200.202406191623/tools/bin/../lib/gcc/arm-none-eabi/12.3.1/../../../../arm-none-eabi/lib/thumb/v7e-m/nofp\libnosys.a
END GROUP
START GROUP
LOAD C:/ST/STM32CubeIDE_1.16.0/STM32CubeIDE/plugins/com.st.stm32cube.ide.mcu.externaltools.gnu-tools-for-stm32.12.3.rel1.win32_1.0.200.202406191623/tools/bin/../lib/gcc/arm-none-eabi/12.3.1/thumb/v7e-m/nofp\libgcc.a
LOAD C:/ST/STM32CubeIDE_1.16.0/STM32CubeIDE/plugins/com.st.stm32cube.ide.mcu.externaltools.gnu-tools-for-stm32.12.3.rel1.win32_1.0.200.202406191623/tools/bin/../lib/gcc/arm-none-eabi/12.3.1/../../../../arm-none-eabi/lib/thumb/v7e-m/nofp\libc_nano.a
LOAD C:/ST/STM32CubeIDE_1.16.0/STM32CubeIDE/plugins/com.st.stm32cube.ide.mcu.externaltools.gnu-tools-for-stm32.12.3.rel1.win32_1.0.200.202406191623/tools/bin/../lib/gcc/arm-none-eabi/12.3.1/../../../../arm-none-eabi/lib/thumb/v7e-m/nofp\libnosys.a
END GROUP
LOAD C:/ST/STM32CubeIDE_1.16.0/STM32CubeIDE/plugins/com.st.stm32cube.ide.mcu.externaltools.gnu-tools-for-stm32.12.3.rel1.win32_1.0.200.202406191623/tools/bin/../lib/gcc/arm-none-eabi/12.3.1/thumb/v7e-m/nofp/crtend.o
LOAD C:/ST/STM32CubeIDE_1.16.0/STM32CubeIDE/plugins/com.st.stm32cube.ide.mcu.externaltools.gnu-tools-for-stm32.12.3.rel1.win32_1.0.200.202406191623/tools/bin/../lib/gcc/arm-none-eabi/12.3.1/thumb/v7e-m/nofp/crtn.o
                0x20030000                        _estack = (ORIGIN (RAM) + LENGTH (RAM))
                0x00000200                        _Min_Heap_Size = 0x200
                0x00000400                        _Min_Stack_Size = 0x400

.isr_vector     0x08000000      0x1ac
                0x08000000                        . = ALIGN (0x4)
 *(.isr_vector)
 .isr_vector    0x08000000      0x1ac ./Startup/startup_stm32f429zitx.o
                0x08000000                g_pfnVectors
                0x080001ac                        . = ALIGN (0x4)

.text           0x080001ac      0x6d8
                0x080001ac                        . = ALIGN (0x4)
 *(.text)
 .text          0x080001ac       0x40 C:/ST/STM32CubeIDE_1.16.0/STM32CubeIDE/plugins/com.st.stm32cube.ide.mcu.externaltools.gnu-tools-for-stm32.12.3.rel1.win32_1.0.200.202406191623/tools/bin/../lib/gcc/arm-none-eabi/12.3.1/thumb/v7e-m/nofp/crtbegin.o
 *(.text*)
 .text.greenLEDInit
                0x080001ec        0xe ./Src/ApplicationCode.o
                0x080001ec                greenLEDInit
 .text.redLEDInit
                0x080001fa        0xe ./Src/ApplicationCode.o
                0x080001fa                redLEDInit
 .text.activateGreenLED
                0x08000208       0x18 ./Src/ApplicationCode.o
                0x08000208                activateGreenLED
 .text.deactivateGreenLED
                0x08000220       0x18 ./Src/ApplicationCode.o
                0x08000220                deactivateGreenLED
 .text.deactivateRedLED
                0x08000238       0x18 ./Src/ApplicationCode.o
                0x08000238                deactivateRedLED
 .text.InitializeUserButton
                0x08000250        0xc ./Src/ApplicationCode.o
                0x08000250                InitializeUserButton
 .text.executeButtonPollingRoutine
                0x0800025c       0x1c ./Src/ApplicationCode.o
                0x0800025c                executeButtonPollingRoutine
 .text.AppDelay
                0x08000278       0x58 ./Src/ApplicationCode.o
                0x08000278                AppDelay
 .text.applicationInit
                0x080002d0       0x48 ./Src/ApplicationCode.o
                0x080002d0                applicationInit
 .text.User_Button_Enable_Clock
                0x08000318       0x1c ./Src/Button_Driver.o
                0x08000318                User_Button_Enable_Clock
 .text.User_Button_Init
                0x08000334       0x38 ./Src/Button_Driver.o
                0x08000334                User_Button_Init
 .text.User_Button_Is_Pressed
                0x0800036c       0x20 ./Src/Button_Driver.o
                0x0800036c                User_Button_Is_Pressed
 .text.GPIO_ClockControl
                0x0800038c       0x80 ./Src/GPIO_Driver.o
                0x0800038c                GPIO_ClockControl
 .text.GPIO_WriteToOutputPin
                0x0800040c       0x4c ./Src/GPIO_Driver.o
                0x0800040c                GPIO_WriteToOutputPin
 .text.GPIO_Init
                0x08000458      0x23c ./Src/GPIO_Driver.o
                0x08000458                GPIO_Init
 .text.GPIO_ReadFromInputPin
                0x08000694       0x2a ./Src/GPIO_Driver.o
                0x08000694                GPIO_ReadFromInputPin
 *fill*         0x080006be        0x2 
 .text.GPIO_ReturnPortNumber
                0x080006c0       0x34 ./Src/GPIO_Driver.o
                0x080006c0                GPIO_ReturnPortNumber
 .text.LED_Init
                0x080006f4       0x6c ./Src/LED_Driver.o
                0x080006f4                LED_Init
 .text.addSchedulerEvent
                0x08000760       0x24 ./Src/Scheduler.o
                0x08000760                addSchedulerEvent
 .text.getScheduledEvents
                0x08000784       0x14 ./Src/Scheduler.o
                0x08000784                getScheduledEvents
 .text.main     0x08000798       0x36 ./Src/main.o
                0x08000798                main
 *fill*         0x080007ce        0x2 
 .text.Reset_Handler
                0x080007d0       0x50 ./Startup/startup_stm32f429zitx.o
                0x080007d0                Reset_Handler
 .text.Default_Handler
                0x08000820        0x2 ./Startup/startup_stm32f429zitx.o
                0x08000820                RTC_Alarm_IRQHandler
                0x08000820                HASH_RNG_IRQHandler
                0x08000820                EXTI2_IRQHandler
                0x08000820                TIM8_CC_IRQHandler
                0x08000820                DebugMon_Handler
                0x08000820                UART8_IRQHandler
                0x08000820                SPI4_IRQHandler
                0x08000820                TIM1_CC_IRQHandler
                0x08000820                DMA2_Stream5_IRQHandler
                0x08000820                HardFault_Handler
                0x08000820                DMA1_Stream5_IRQHandler
                0x08000820                SysTick_Handler
                0x08000820                PVD_IRQHandler
                0x08000820                SDIO_IRQHandler
                0x08000820                TAMP_STAMP_IRQHandler
                0x08000820                PendSV_Handler
                0x08000820                NMI_Handler
                0x08000820                CAN2_RX1_IRQHandler
                0x08000820                EXTI3_IRQHandler
                0x08000820                TIM8_TRG_COM_TIM14_IRQHandler
                0x08000820                TIM1_UP_TIM10_IRQHandler
                0x08000820                TIM8_UP_TIM13_IRQHandler
                0x08000820                I2C3_ER_IRQHandler
                0x08000820                LCD_TFT_IRQHandler
                0x08000820                EXTI0_IRQHandler
                0x08000820                I2C2_EV_IRQHandler
                0x08000820                DMA1_Stream2_IRQHandler
                0x08000820                CAN1_RX0_IRQHandler
                0x08000820                FPU_IRQHandler
                0x08000820                OTG_HS_WKUP_IRQHandler
                0x08000820                UsageFault_Handler
                0x08000820                CAN2_SCE_IRQHandler
                0x08000820                DMA2_Stream2_IRQHandler
                0x08000820                SPI1_IRQHandler
                0x08000820                TIM6_DAC_IRQHandler
                0x08000820                TIM1_BRK_TIM9_IRQHandler
                0x08000820                DCMI_IRQHandler
                0x08000820                CAN2_RX0_IRQHandler
                0x08000820                DMA2_Stream3_IRQHandler
                0x08000820                USART6_IRQHandler
                0x08000820                USART3_IRQHandler
                0x08000820                CRYP_IRQHandler
                0x08000820                CAN1_RX1_IRQHandler
                0x08000820                UART5_IRQHandler
                0x08000820                DMA2_Stream0_IRQHandler
                0x08000820                TIM4_IRQHandler
                0x08000820                I2C1_EV_IRQHandler
                0x08000820                DMA1_Stream6_IRQHandler
                0x08000820                DMA1_Stream1_IRQHandler
                0x08000820                UART4_IRQHandler
                0x08000820                LCD_TFT_1_IRQHandler
                0x08000820                TIM3_IRQHandler
                0x08000820                RCC_IRQHandler
                0x08000820                TIM8_BRK_TIM12_IRQHandler
                0x08000820                Default_Handler
                0x08000820                EXTI15_10_IRQHandler
                0x08000820                ADC_IRQHandler
                0x08000820                DMA1_Stream7_IRQHandler
                0x08000820                SPI5_IRQHandler
                0x08000820                TIM7_IRQHandler
                0x08000820                CAN2_TX_IRQHandler
                0x08000820                TIM5_IRQHandler
                0x08000820                DMA2_Stream7_IRQHandler
                0x08000820                I2C3_EV_IRQHandler
                0x08000820                EXTI9_5_IRQHandler
                0x08000820                RTC_WKUP_IRQHandler
                0x08000820                ETH_WKUP_IRQHandler
                0x08000820                SPI2_IRQHandler
                0x08000820                OTG_HS_EP1_IN_IRQHandler
                0x08000820                MemManage_Handler
                0x08000820                DMA1_Stream0_IRQHandler
                0x08000820                CAN1_TX_IRQHandler
                0x08000820                SVC_Handler
                0x08000820                EXTI4_IRQHandler
                0x08000820                ETH_IRQHandler
                0x08000820                OTG_HS_EP1_OUT_IRQHandler
                0x08000820                WWDG_IRQHandler
                0x08000820                SPI6_IRQHandler
                0x08000820                TIM2_IRQHandler
                0x08000820                OTG_FS_WKUP_IRQHandler
                0x08000820                TIM1_TRG_COM_TIM11_IRQHandler
                0x08000820                OTG_HS_IRQHandler
                0x08000820                DMA2D_IRQHandler
                0x08000820                EXTI1_IRQHandler
                0x08000820                UART7_IRQHandler
                0x08000820                USART2_IRQHandler
                0x08000820                I2C2_ER_IRQHandler
                0x08000820                DMA2_Stream1_IRQHandler
                0x08000820                CAN1_SCE_IRQHandler
                0x08000820                FLASH_IRQHandler
                0x08000820                DMA2_Stream4_IRQHandler
                0x08000820                BusFault_Handler
                0x08000820                USART1_IRQHandler
                0x08000820                OTG_FS_IRQHandler
                0x08000820                SPI3_IRQHandler
                0x08000820                DMA1_Stream4_IRQHandler
                0x08000820                I2C1_ER_IRQHandler
                0x08000820                FMC_IRQHandler
                0x08000820                DMA2_Stream6_IRQHandler
                0x08000820                SAI1_IRQHandler
                0x08000820                DMA1_Stream3_IRQHandler
 *fill*         0x08000822        0x2 
 .text.__libc_init_array
                0x08000824       0x48 C:/ST/STM32CubeIDE_1.16.0/STM32CubeIDE/plugins/com.st.stm32cube.ide.mcu.externaltools.gnu-tools-for-stm32.12.3.rel1.win32_1.0.200.202406191623/tools/bin/../lib/gcc/arm-none-eabi/12.3.1/../../../../arm-none-eabi/lib/thumb/v7e-m/nofp\libc_nano.a(libc_a-init.o)
                0x08000824                __libc_init_array
 *(.glue_7)
 .glue_7        0x0800086c        0x0 linker stubs
 *(.glue_7t)
 .glue_7t       0x0800086c        0x0 linker stubs
 *(.eh_frame)
 .eh_frame      0x0800086c        0x0 C:/ST/STM32CubeIDE_1.16.0/STM32CubeIDE/plugins/com.st.stm32cube.ide.mcu.externaltools.gnu-tools-for-stm32.12.3.rel1.win32_1.0.200.202406191623/tools/bin/../lib/gcc/arm-none-eabi/12.3.1/thumb/v7e-m/nofp/crtbegin.o
 *(.init)
 .init          0x0800086c        0x4 C:/ST/STM32CubeIDE_1.16.0/STM32CubeIDE/plugins/com.st.stm32cube.ide.mcu.externaltools.gnu-tools-for-stm32.12.3.rel1.win32_1.0.200.202406191623/tools/bin/../lib/gcc/arm-none-eabi/12.3.1/thumb/v7e-m/nofp/crti.o
                0x0800086c                _init
 .init          0x08000870        0x8 C:/ST/STM32CubeIDE_1.16.0/STM32CubeIDE/plugins/com.st.stm32cube.ide.mcu.externaltools.gnu-tools-for-stm32.12.3.rel1.win32_1.0.200.202406191623/tools/bin/../lib/gcc/arm-none-eabi/12.3.1/thumb/v7e-m/nofp/crtn.o
 *(.fini)
 .fini          0x08000878        0x4 C:/ST/STM32CubeIDE_1.16.0/STM32CubeIDE/plugins/com.st.stm32cube.ide.mcu.externaltools.gnu-tools-for-stm32.12.3.rel1.win32_1.0.200.202406191623/tools/bin/../lib/gcc/arm-none-eabi/12.3.1/thumb/v7e-m/nofp/crti.o
                0x08000878                _fini
 .fini          0x0800087c        0x8 C:/ST/STM32CubeIDE_1.16.0/STM32CubeIDE/plugins/com.st.stm32cube.ide.mcu.externaltools.gnu-tools-for-stm32.12.3.rel1.win32_1.0.200.202406191623/tools/bin/../lib/gcc/arm-none-eabi/12.3.1/thumb/v7e-m/nofp/crtn.o
                0x08000884                        . = ALIGN (0x4)
                0x08000884                        _etext = .

.vfp11_veneer   0x08000884        0x0
 .vfp11_veneer  0x08000884        0x0 linker stubs

.v4_bx          0x08000884        0x0
 .v4_bx         0x08000884        0x0 linker stubs

.iplt           0x08000884        0x0
 .iplt          0x08000884        0x0 C:/ST/STM32CubeIDE_1.16.0/STM32CubeIDE/plugins/com.st.stm32cube.ide.mcu.externaltools.gnu-tools-for-stm32.12.3.rel1.win32_1.0.200.202406191623/tools/bin/../lib/gcc/arm-none-eabi/12.3.1/thumb/v7e-m/nofp/crtbegin.o

.rodata         0x08000884        0x0
                0x08000884                        . = ALIGN (0x4)
 *(.rodata)
 *(.rodata*)
                0x08000884                        . = ALIGN (0x4)

.ARM.extab      0x08000884        0x0
                0x08000884                        . = ALIGN (0x4)
 *(.ARM.extab* .gnu.linkonce.armextab.*)
                0x08000884                        . = ALIGN (0x4)

.ARM            0x08000884        0x0
                0x08000884                        . = ALIGN (0x4)
                0x08000884                        __exidx_start = .
 *(.ARM.exidx*)
                0x08000884                        __exidx_end = .
                0x08000884                        . = ALIGN (0x4)

.preinit_array  0x08000884        0x0
                0x08000884                        . = ALIGN (0x4)
                0x08000884                        PROVIDE (__preinit_array_start = .)
 *(.preinit_array*)
                0x08000884                        PROVIDE (__preinit_array_end = .)
                0x08000884                        . = ALIGN (0x4)

.init_array     0x08000884        0x4
                0x08000884                        . = ALIGN (0x4)
                0x08000884                        PROVIDE (__init_array_start = .)
 *(SORT_BY_NAME(.init_array.*))
 *(.init_array*)
 .init_array    0x08000884        0x4 C:/ST/STM32CubeIDE_1.16.0/STM32CubeIDE/plugins/com.st.stm32cube.ide.mcu.externaltools.gnu-tools-for-stm32.12.3.rel1.win32_1.0.200.202406191623/tools/bin/../lib/gcc/arm-none-eabi/12.3.1/thumb/v7e-m/nofp/crtbegin.o
                0x08000888                        PROVIDE (__init_array_end = .)
                0x08000888                        . = ALIGN (0x4)

.fini_array     0x08000888        0x4
                0x08000888                        . = ALIGN (0x4)
                [!provide]                        PROVIDE (__fini_array_start = .)
 *(SORT_BY_NAME(.fini_array.*))
 *(.fini_array*)
 .fini_array    0x08000888        0x4 C:/ST/STM32CubeIDE_1.16.0/STM32CubeIDE/plugins/com.st.stm32cube.ide.mcu.externaltools.gnu-tools-for-stm32.12.3.rel1.win32_1.0.200.202406191623/tools/bin/../lib/gcc/arm-none-eabi/12.3.1/thumb/v7e-m/nofp/crtbegin.o
                [!provide]                        PROVIDE (__fini_array_end = .)
                0x0800088c                        . = ALIGN (0x4)
                0x0800088c                        _sidata = LOADADDR (.data)

.rel.dyn        0x0800088c        0x0
 .rel.iplt      0x0800088c        0x0 C:/ST/STM32CubeIDE_1.16.0/STM32CubeIDE/plugins/com.st.stm32cube.ide.mcu.externaltools.gnu-tools-for-stm32.12.3.rel1.win32_1.0.200.202406191623/tools/bin/../lib/gcc/arm-none-eabi/12.3.1/thumb/v7e-m/nofp/crtbegin.o

.data           0x20000000        0x0 load address 0x0800088c
                0x20000000                        . = ALIGN (0x4)
                0x20000000                        _sdata = .
 *(.data)
 *(.data*)
 *(.RamFunc)
 *(.RamFunc*)
                0x20000000                        . = ALIGN (0x4)
                0x20000000                        _edata = .
                0x0800088c                        _siccmram = LOADADDR (.ccmram)

.igot.plt       0x20000000        0x0 load address 0x0800088c
 .igot.plt      0x20000000        0x0 C:/ST/STM32CubeIDE_1.16.0/STM32CubeIDE/plugins/com.st.stm32cube.ide.mcu.externaltools.gnu-tools-for-stm32.12.3.rel1.win32_1.0.200.202406191623/tools/bin/../lib/gcc/arm-none-eabi/12.3.1/thumb/v7e-m/nofp/crtbegin.o

.ccmram         0x10000000        0x0 load address 0x0800088c
                0x10000000                        . = ALIGN (0x4)
                0x10000000                        _sccmram = .
 *(.ccmram)
 *(.ccmram*)
                0x10000000                        . = ALIGN (0x4)
                0x10000000                        _eccmram = .
                0x10000000                        . = ALIGN (0x4)

.bss            0x20000000       0x28
                0x20000000                        _sbss = .
                0x20000000                        __bss_start__ = _sbss
 *(.bss)
 .bss           0x20000000       0x1c C:/ST/STM32CubeIDE_1.16.0/STM32CubeIDE/plugins/com.st.stm32cube.ide.mcu.externaltools.gnu-tools-for-stm32.12.3.rel1.win32_1.0.200.202406191623/tools/bin/../lib/gcc/arm-none-eabi/12.3.1/thumb/v7e-m/nofp/crtbegin.o
 *(.bss*)
 .bss.GPIOConfig
                0x2000001c        0x7 ./Src/Button_Driver.o
                0x2000001c                GPIOConfig
 *fill*         0x20000023        0x1 
 .bss.ScheduledEvents
                0x20000024        0x4 ./Src/Scheduler.o
                0x20000024                ScheduledEvents
 *(COMMON)
                0x20000028                        . = ALIGN (0x4)
                0x20000028                        _ebss = .
                0x20000028                        __bss_end__ = _ebss

._user_heap_stack
                0x20000028      0x600
                0x20000028                        . = ALIGN (0x8)
                [!provide]                        PROVIDE (end = .)
                0x20000028                        PROVIDE (_end = .)
                0x20000228                        . = (. + _Min_Heap_Size)
 *fill*         0x20000028      0x200 
                0x20000628                        . = (. + _Min_Stack_Size)
 *fill*         0x20000228      0x400 
                0x20000628                        . = ALIGN (0x8)

/DISCARD/
 libc.a(*)
 libm.a(*)
 libgcc.a(*)

.ARM.attributes
                0x00000000       0x2a
 *(.ARM.attributes)
 .ARM.attributes
                0x00000000       0x1e C:/ST/STM32CubeIDE_1.16.0/STM32CubeIDE/plugins/com.st.stm32cube.ide.mcu.externaltools.gnu-tools-for-stm32.12.3.rel1.win32_1.0.200.202406191623/tools/bin/../lib/gcc/arm-none-eabi/12.3.1/thumb/v7e-m/nofp/crti.o
 .ARM.attributes
                0x0000001e       0x2e C:/ST/STM32CubeIDE_1.16.0/STM32CubeIDE/plugins/com.st.stm32cube.ide.mcu.externaltools.gnu-tools-for-stm32.12.3.rel1.win32_1.0.200.202406191623/tools/bin/../lib/gcc/arm-none-eabi/12.3.1/thumb/v7e-m/nofp/crtbegin.o
 .ARM.attributes
                0x0000004c       0x2e ./Src/ApplicationCode.o
 .ARM.attributes
                0x0000007a       0x2e ./Src/Button_Driver.o
 .ARM.attributes
                0x000000a8       0x2e ./Src/GPIO_Driver.o
 .ARM.attributes
                0x000000d6       0x2e ./Src/LED_Driver.o
 .ARM.attributes
                0x00000104       0x2e ./Src/Scheduler.o
 .ARM.attributes
                0x00000132       0x2e ./Src/main.o
 .ARM.attributes
                0x00000160       0x21 ./Startup/startup_stm32f429zitx.o
 .ARM.attributes
                0x00000181       0x2e C:/ST/STM32CubeIDE_1.16.0/STM32CubeIDE/plugins/com.st.stm32cube.ide.mcu.externaltools.gnu-tools-for-stm32.12.3.rel1.win32_1.0.200.202406191623/tools/bin/../lib/gcc/arm-none-eabi/12.3.1/../../../../arm-none-eabi/lib/thumb/v7e-m/nofp\libc_nano.a(libc_a-init.o)
 .ARM.attributes
                0x000001af       0x1e C:/ST/STM32CubeIDE_1.16.0/STM32CubeIDE/plugins/com.st.stm32cube.ide.mcu.externaltools.gnu-tools-for-stm32.12.3.rel1.win32_1.0.200.202406191623/tools/bin/../lib/gcc/arm-none-eabi/12.3.1/thumb/v7e-m/nofp/crtn.o
OUTPUT(SKadkhodayanLab3.elf elf32-littlearm)
LOAD linker stubs
LOAD C:/ST/STM32CubeIDE_1.16.0/STM32CubeIDE/plugins/com.st.stm32cube.ide.mcu.externaltools.gnu-tools-for-stm32.12.3.rel1.win32_1.0.200.202406191623/tools/bin/../lib/gcc/arm-none-eabi/12.3.1/../../../../arm-none-eabi/lib/thumb/v7e-m/nofp\libc.a
LOAD C:/ST/STM32CubeIDE_1.16.0/STM32CubeIDE/plugins/com.st.stm32cube.ide.mcu.externaltools.gnu-tools-for-stm32.12.3.rel1.win32_1.0.200.202406191623/tools/bin/../lib/gcc/arm-none-eabi/12.3.1/../../../../arm-none-eabi/lib/thumb/v7e-m/nofp\libm.a
LOAD C:/ST/STM32CubeIDE_1.16.0/STM32CubeIDE/plugins/com.st.stm32cube.ide.mcu.externaltools.gnu-tools-for-stm32.12.3.rel1.win32_1.0.200.202406191623/tools/bin/../lib/gcc/arm-none-eabi/12.3.1/thumb/v7e-m/nofp\libgcc.a

.debug_info     0x00000000     0x1261
 .debug_info    0x00000000      0x36d ./Src/ApplicationCode.o
 .debug_info    0x0000036d      0x417 ./Src/Button_Driver.o
 .debug_info    0x00000784      0x639 ./Src/GPIO_Driver.o
 .debug_info    0x00000dbd      0x292 ./Src/LED_Driver.o
 .debug_info    0x0000104f       0xf7 ./Src/Scheduler.o
 .debug_info    0x00001146       0xeb ./Src/main.o
 .debug_info    0x00001231       0x30 ./Startup/startup_stm32f429zitx.o

.debug_abbrev   0x00000000      0x664
 .debug_abbrev  0x00000000      0x189 ./Src/ApplicationCode.o
 .debug_abbrev  0x00000189      0x123 ./Src/Button_Driver.o
 .debug_abbrev  0x000002ac      0x12d ./Src/GPIO_Driver.o
 .debug_abbrev  0x000003d9      0x108 ./Src/LED_Driver.o
 .debug_abbrev  0x000004e1       0xad ./Src/Scheduler.o
 .debug_abbrev  0x0000058e       0xb2 ./Src/main.o
 .debug_abbrev  0x00000640       0x24 ./Startup/startup_stm32f429zitx.o

.debug_aranges  0x00000000      0x1b0
 .debug_aranges
                0x00000000       0x78 ./Src/ApplicationCode.o
 .debug_aranges
                0x00000078       0x38 ./Src/Button_Driver.o
 .debug_aranges
                0x000000b0       0x50 ./Src/GPIO_Driver.o
 .debug_aranges
                0x00000100       0x38 ./Src/LED_Driver.o
 .debug_aranges
                0x00000138       0x30 ./Src/Scheduler.o
 .debug_aranges
                0x00000168       0x20 ./Src/main.o
 .debug_aranges
                0x00000188       0x28 ./Startup/startup_stm32f429zitx.o

.debug_rnglists
                0x00000000      0x123
 .debug_rnglists
                0x00000000       0x55 ./Src/ApplicationCode.o
 .debug_rnglists
                0x00000055       0x25 ./Src/Button_Driver.o
 .debug_rnglists
                0x0000007a       0x39 ./Src/GPIO_Driver.o
 .debug_rnglists
                0x000000b3       0x25 ./Src/LED_Driver.o
 .debug_rnglists
                0x000000d8       0x1f ./Src/Scheduler.o
 .debug_rnglists
                0x000000f7       0x13 ./Src/main.o
 .debug_rnglists
                0x0000010a       0x19 ./Startup/startup_stm32f429zitx.o

.debug_macro    0x00000000     0x162d
 .debug_macro   0x00000000       0xa5 ./Src/ApplicationCode.o
 .debug_macro   0x000000a5      0xab4 ./Src/ApplicationCode.o
 .debug_macro   0x00000b59       0x22 ./Src/ApplicationCode.o
 .debug_macro   0x00000b7b       0x8e ./Src/ApplicationCode.o
 .debug_macro   0x00000c09       0x51 ./Src/ApplicationCode.o
 .debug_macro   0x00000c5a      0x103 ./Src/ApplicationCode.o
 .debug_macro   0x00000d5d       0x6a ./Src/ApplicationCode.o
 .debug_macro   0x00000dc7      0x1df ./Src/ApplicationCode.o
 .debug_macro   0x00000fa6       0x22 ./Src/ApplicationCode.o
 .debug_macro   0x00000fc8       0xc4 ./Src/ApplicationCode.o
 .debug_macro   0x0000108c       0x16 ./Src/ApplicationCode.o
 .debug_macro   0x000010a2       0x22 ./Src/ApplicationCode.o
 .debug_macro   0x000010c4       0x22 ./Src/ApplicationCode.o
 .debug_macro   0x000010e6       0x16 ./Src/ApplicationCode.o
 .debug_macro   0x000010fc       0x93 ./Src/Button_Driver.o
 .debug_macro   0x0000118f       0x1c ./Src/Button_Driver.o
 .debug_macro   0x000011ab      0x106 ./Src/Button_Driver.o
 .debug_macro   0x000012b1       0x8a ./Src/GPIO_Driver.o
 .debug_macro   0x0000133b      0x100 ./Src/GPIO_Driver.o
 .debug_macro   0x0000143b       0x93 ./Src/LED_Driver.o
 .debug_macro   0x000014ce       0x10 ./Src/LED_Driver.o
 .debug_macro   0x000014de       0x8a ./Src/Scheduler.o
 .debug_macro   0x00001568       0x1c ./Src/Scheduler.o
 .debug_macro   0x00001584       0xa9 ./Src/main.o

.debug_line     0x00000000     0x1fab
 .debug_line    0x00000000      0x5d7 ./Src/ApplicationCode.o
 .debug_line    0x000005d7      0x4ca ./Src/Button_Driver.o
 .debug_line    0x00000aa1      0x6b6 ./Src/GPIO_Driver.o
 .debug_line    0x00001157      0x4d3 ./Src/LED_Driver.o
 .debug_line    0x0000162a      0x475 ./Src/Scheduler.o
 .debug_line    0x00001a9f      0x491 ./Src/main.o
 .debug_line    0x00001f30       0x7b ./Startup/startup_stm32f429zitx.o

.debug_str      0x00000000     0x4a8b
 .debug_str     0x00000000     0x436d ./Src/ApplicationCode.o
                               0x44ff (size before relaxing)
 .debug_str     0x0000436d      0x528 ./Src/Button_Driver.o
                               0x47eb (size before relaxing)
 .debug_str     0x00004895      0x127 ./Src/GPIO_Driver.o
                               0x485f (size before relaxing)
 .debug_str     0x000049bc       0x30 ./Src/LED_Driver.o
                               0x466d (size before relaxing)
 .debug_str     0x000049ec       0x41 ./Src/Scheduler.o
                               0x42a4 (size before relaxing)
 .debug_str     0x00004a2d       0x1f ./Src/main.o
                               0x438d (size before relaxing)
 .debug_str     0x00004a4c       0x3f ./Startup/startup_stm32f429zitx.o
                                 0x82 (size before relaxing)

.comment        0x00000000       0x43
 .comment       0x00000000       0x43 ./Src/ApplicationCode.o
                                 0x44 (size before relaxing)
 .comment       0x00000043       0x44 ./Src/Button_Driver.o
 .comment       0x00000043       0x44 ./Src/GPIO_Driver.o
 .comment       0x00000043       0x44 ./Src/LED_Driver.o
 .comment       0x00000043       0x44 ./Src/Scheduler.o
 .comment       0x00000043       0x44 ./Src/main.o

.debug_frame    0x00000000      0x494
 .debug_frame   0x00000000      0x16c ./Src/ApplicationCode.o
 .debug_frame   0x0000016c       0x84 ./Src/Button_Driver.o
 .debug_frame   0x000001f0      0x128 ./Src/GPIO_Driver.o
 .debug_frame   0x00000318       0xa0 ./Src/LED_Driver.o
 .debug_frame   0x000003b8       0x80 ./Src/Scheduler.o
 .debug_frame   0x00000438       0x30 ./Src/main.o
 .debug_frame   0x00000468       0x2c C:/ST/STM32CubeIDE_1.16.0/STM32CubeIDE/plugins/com.st.stm32cube.ide.mcu.externaltools.gnu-tools-for-stm32.12.3.rel1.win32_1.0.200.202406191623/tools/bin/../lib/gcc/arm-none-eabi/12.3.1/../../../../arm-none-eabi/lib/thumb/v7e-m/nofp\libc_nano.a(libc_a-init.o)

.debug_line_str
                0x00000000       0x66
 .debug_line_str
                0x00000000       0x66 ./Startup/startup_stm32f429zitx.o
