../Core/Src/ApplicationCode.c:14:6:greenLEDInit	8	static
../Core/Src/ApplicationCode.c:20:6:redLEDInit	8	static
../Core/Src/ApplicationCode.c:26:6:toggleGreenLED	8	static
../Core/Src/ApplicationCode.c:32:6:toggleRedLED	8	static
../Core/Src/ApplicationCode.c:38:6:activateGreenLED	8	static
../Core/Src/ApplicationCode.c:44:6:activateRedLED	8	static
../Core/Src/ApplicationCode.c:50:6:deactivateGreenLED	8	static
../Core/Src/ApplicationCode.c:56:6:deactivateRedLED	8	static
../Core/Src/ApplicationCode.c:62:6:InitializeUserButton	8	static
../Core/Src/ApplicationCode.c:68:6:executeButtonPollingRoutine	8	static
../Core/Src/ApplicationCode.c:83:6:AppDelay	32	static
../Core/Src/ApplicationCode.c:99:6:applicationInit	8	static
../Core/Src/ApplicationCode.c:140:6:InitializeUserButtonAsInterrupt	8	static
../Core/Src/ApplicationCode.c:146:6:EXTI0_IRQHandler	8	static
../Core/Src/ApplicationCode.c:169:6:getGyroID	8	static
../Core/Src/ApplicationCode.c:174:6:powerOnGyro	8	static
../Core/Src/ApplicationCode.c:179:6:getGyroTemperature	8	static
../Core/Src/ApplicationCode.c:184:6:configureGyro	8	static
../Core/Src/ApplicationCode.c:189:6:getGyroConfiguration	8	static
../Core/Src/ApplicationCode.c:194:6:checkGyroStatus	8	static
