../Src/LED_Driver.c:10:6:LED_Init	24	static
../Src/LED_Driver.c:47:6:ToggleLED	16	static
../Src/LED_Driver.c:68:6:TurnOffLED	16	static
../Src/LED_Driver.c:89:6:TurnOnLED	16	static
../Src/LED_Driver.c:110:6:LED_Timer2_Init	24	static
../Src/LED_Driver.c:135:6:LED_Timer2_Start	8	static
../Src/LED_Driver.c:141:6:LED_Timer2_Stop	8	static
../Src/LED_Driver.c:147:6:LED_Reset_Timer2	8	static
../Src/LED_Driver.c:153:6:LED_Timer5_Init	24	static
../Src/LED_Driver.c:178:6:LED_Timer5_Start	8	static
../Src/LED_Driver.c:184:6:LED_Timer5_Stop	8	static
../Src/LED_Driver.c:190:6:LED_Reset_Timer5	8	static
../Src/LED_Driver.c:196:10:LED_Timer5_Get_Auto_Reload_Value	16	static
../Src/LED_Driver.c:202:10:LED_Timer5_Get_Value	16	static
../Src/LED_Driver.c:208:6:LED_Timer5_Reconfigure_Auto_Reload	16	static
