../Src/ApplicationCode.c:13:6:greenLEDInit	8	static
../Src/ApplicationCode.c:19:6:redLEDInit	8	static
../Src/ApplicationCode.c:25:6:toggleGreenLED	8	static
../Src/ApplicationCode.c:31:6:toggleRedLED	8	static
../Src/ApplicationCode.c:37:6:activateGreenLED	8	static
../Src/ApplicationCode.c:43:6:activateRedLED	8	static
../Src/ApplicationCode.c:49:6:deactivateGreenLED	8	static
../Src/ApplicationCode.c:55:6:deactivateRedLED	8	static
../Src/ApplicationCode.c:61:6:InitializeUserButton	8	static
../Src/ApplicationCode.c:67:6:executeButtonPollingRoutine	8	static
../Src/ApplicationCode.c:82:6:AppDelay	32	static
../Src/ApplicationCode.c:98:6:applicationInit	8	static
