Archive member included to satisfy reference by file (symbol)

C:/ST/STM32CubeIDE_1.16.0/STM32CubeIDE/plugins/com.st.stm32cube.ide.mcu.externaltools.gnu-tools-for-stm32.12.3.rel1.win32_1.0.200.202406191623/tools/bin/../lib/gcc/arm-none-eabi/12.3.1/../../../../arm-none-eabi/lib/thumb/v7e-m/nofp\libc_nano.a(libc_a-exit.o)
                              C:/ST/STM32CubeIDE_1.16.0/STM32CubeIDE/plugins/com.st.stm32cube.ide.mcu.externaltools.gnu-tools-for-stm32.12.3.rel1.win32_1.0.200.202406191623/tools/bin/../lib/gcc/arm-none-eabi/12.3.1/../../../../arm-none-eabi/lib/thumb/v7e-m/nofp/crt0.o (exit)
C:/ST/STM32CubeIDE_1.16.0/STM32CubeIDE/plugins/com.st.stm32cube.ide.mcu.externaltools.gnu-tools-for-stm32.12.3.rel1.win32_1.0.200.202406191623/tools/bin/../lib/gcc/arm-none-eabi/12.3.1/../../../../arm-none-eabi/lib/thumb/v7e-m/nofp\libc_nano.a(libc_a-findfp.o)
                              C:/ST/STM32CubeIDE_1.16.0/STM32CubeIDE/plugins/com.st.stm32cube.ide.mcu.externaltools.gnu-tools-for-stm32.12.3.rel1.win32_1.0.200.202406191623/tools/bin/../lib/gcc/arm-none-eabi/12.3.1/../../../../arm-none-eabi/lib/thumb/v7e-m/nofp\libc_nano.a(libc_a-exit.o) (__stdio_exit_handler)
C:/ST/STM32CubeIDE_1.16.0/STM32CubeIDE/plugins/com.st.stm32cube.ide.mcu.externaltools.gnu-tools-for-stm32.12.3.rel1.win32_1.0.200.202406191623/tools/bin/../lib/gcc/arm-none-eabi/12.3.1/../../../../arm-none-eabi/lib/thumb/v7e-m/nofp\libc_nano.a(libc_a-fwalk.o)
                              C:/ST/STM32CubeIDE_1.16.0/STM32CubeIDE/plugins/com.st.stm32cube.ide.mcu.externaltools.gnu-tools-for-stm32.12.3.rel1.win32_1.0.200.202406191623/tools/bin/../lib/gcc/arm-none-eabi/12.3.1/../../../../arm-none-eabi/lib/thumb/v7e-m/nofp\libc_nano.a(libc_a-findfp.o) (_fwalk_sglue)
C:/ST/STM32CubeIDE_1.16.0/STM32CubeIDE/plugins/com.st.stm32cube.ide.mcu.externaltools.gnu-tools-for-stm32.12.3.rel1.win32_1.0.200.202406191623/tools/bin/../lib/gcc/arm-none-eabi/12.3.1/../../../../arm-none-eabi/lib/thumb/v7e-m/nofp\libc_nano.a(libc_a-stdio.o)
                              C:/ST/STM32CubeIDE_1.16.0/STM32CubeIDE/plugins/com.st.stm32cube.ide.mcu.externaltools.gnu-tools-for-stm32.12.3.rel1.win32_1.0.200.202406191623/tools/bin/../lib/gcc/arm-none-eabi/12.3.1/../../../../arm-none-eabi/lib/thumb/v7e-m/nofp\libc_nano.a(libc_a-findfp.o) (__sread)
C:/ST/STM32CubeIDE_1.16.0/STM32CubeIDE/plugins/com.st.stm32cube.ide.mcu.externaltools.gnu-tools-for-stm32.12.3.rel1.win32_1.0.200.202406191623/tools/bin/../lib/gcc/arm-none-eabi/12.3.1/../../../../arm-none-eabi/lib/thumb/v7e-m/nofp\libc_nano.a(libc_a-memset.o)
                              C:/ST/STM32CubeIDE_1.16.0/STM32CubeIDE/plugins/com.st.stm32cube.ide.mcu.externaltools.gnu-tools-for-stm32.12.3.rel1.win32_1.0.200.202406191623/tools/bin/../lib/gcc/arm-none-eabi/12.3.1/../../../../arm-none-eabi/lib/thumb/v7e-m/nofp/crt0.o (memset)
C:/ST/STM32CubeIDE_1.16.0/STM32CubeIDE/plugins/com.st.stm32cube.ide.mcu.externaltools.gnu-tools-for-stm32.12.3.rel1.win32_1.0.200.202406191623/tools/bin/../lib/gcc/arm-none-eabi/12.3.1/../../../../arm-none-eabi/lib/thumb/v7e-m/nofp\libc_nano.a(libc_a-closer.o)
                              C:/ST/STM32CubeIDE_1.16.0/STM32CubeIDE/plugins/com.st.stm32cube.ide.mcu.externaltools.gnu-tools-for-stm32.12.3.rel1.win32_1.0.200.202406191623/tools/bin/../lib/gcc/arm-none-eabi/12.3.1/../../../../arm-none-eabi/lib/thumb/v7e-m/nofp\libc_nano.a(libc_a-stdio.o) (_close_r)
C:/ST/STM32CubeIDE_1.16.0/STM32CubeIDE/plugins/com.st.stm32cube.ide.mcu.externaltools.gnu-tools-for-stm32.12.3.rel1.win32_1.0.200.202406191623/tools/bin/../lib/gcc/arm-none-eabi/12.3.1/../../../../arm-none-eabi/lib/thumb/v7e-m/nofp\libc_nano.a(libc_a-reent.o)
                              C:/ST/STM32CubeIDE_1.16.0/STM32CubeIDE/plugins/com.st.stm32cube.ide.mcu.externaltools.gnu-tools-for-stm32.12.3.rel1.win32_1.0.200.202406191623/tools/bin/../lib/gcc/arm-none-eabi/12.3.1/../../../../arm-none-eabi/lib/thumb/v7e-m/nofp\libc_nano.a(libc_a-closer.o) (errno)
C:/ST/STM32CubeIDE_1.16.0/STM32CubeIDE/plugins/com.st.stm32cube.ide.mcu.externaltools.gnu-tools-for-stm32.12.3.rel1.win32_1.0.200.202406191623/tools/bin/../lib/gcc/arm-none-eabi/12.3.1/../../../../arm-none-eabi/lib/thumb/v7e-m/nofp\libc_nano.a(libc_a-impure.o)
                              C:/ST/STM32CubeIDE_1.16.0/STM32CubeIDE/plugins/com.st.stm32cube.ide.mcu.externaltools.gnu-tools-for-stm32.12.3.rel1.win32_1.0.200.202406191623/tools/bin/../lib/gcc/arm-none-eabi/12.3.1/../../../../arm-none-eabi/lib/thumb/v7e-m/nofp\libc_nano.a(libc_a-reent.o) (_impure_ptr)
C:/ST/STM32CubeIDE_1.16.0/STM32CubeIDE/plugins/com.st.stm32cube.ide.mcu.externaltools.gnu-tools-for-stm32.12.3.rel1.win32_1.0.200.202406191623/tools/bin/../lib/gcc/arm-none-eabi/12.3.1/../../../../arm-none-eabi/lib/thumb/v7e-m/nofp\libc_nano.a(libc_a-lseekr.o)
[...]
Memory Configuration

Name             Origin             Length             Attributes
CCMRAM           0x10000000         0x00010000         xrw
RAM              0x20000000         0x00030000         xrw
FLASH            0x08000000         0x00200000         xr
*default*        0x00000000         0xffffffff

Linker script and memory map

LOAD C:/ST/STM32CubeIDE_1.16.0/STM32CubeIDE/plugins/com.st.stm32cube.ide.mcu.externaltools.gnu-tools-for-stm32.12.3.rel1.win32_1.0.200.202406191623/tools/bin/../lib/gcc/arm-none-eabi/12.3.1/thumb/v7e-m/nofp/crti.o
LOAD C:/ST/STM32CubeIDE_1.16.0/STM32CubeIDE/plugins/com.st.stm32cube.ide.mcu.externaltools.gnu-tools-for-stm32.12.3.rel1.win32_1.0.200.202406191623/tools/bin/../lib/gcc/arm-none-eabi/12.3.1/thumb/v7e-m/nofp/crtbegin.o
LOAD C:/ST/STM32CubeIDE_1.16.0/STM32CubeIDE/plugins/com.st.stm32cube.ide.mcu.externaltools.gnu-tools-for-stm32.12.3.rel1.win32_1.0.200.202406191623/tools/bin/../lib/gcc/arm-none-eabi/12.3.1/../../../../arm-none-eabi/lib/thumb/v7e-m/nofp/crt0.o
LOAD ./Src/ApplicationCode.o
LOAD ./Src/Button_Driver.o
LOAD ./Src/GPIO_Driver.o
LOAD ./Src/InterruptControl.o
LOAD ./Src/LED_Driver.o
LOAD ./Src/Scheduler.o
LOAD ./Src/Timer_Driver.o
LOAD ./Src/main.o
LOAD ./Src/syscalls.o
LOAD ./Src/sysmem.o
LOAD ./Startup/startup_stm32f429zitx.o
START GROUP
LOAD C:/ST/STM32CubeIDE_1.16.0/STM32CubeIDE/plugins/com.st.stm32cube.ide.mcu.externaltools.gnu-tools-for-stm32.12.3.rel1.win32_1.0.200.202406191623/tools/bin/../lib/gcc/arm-none-eabi/12.3.1/../../../../arm-none-eabi/lib/thumb/v7e-m/nofp\libc_nano.a
LOAD C:/ST/STM32CubeIDE_1.16.0/STM32CubeIDE/plugins/com.st.stm32cube.ide.mcu.externaltools.gnu-tools-for-stm32.12.3.rel1.win32_1.0.200.202406191623/tools/bin/../lib/gcc/arm-none-eabi/12.3.1/../../../../arm-none-eabi/lib/thumb/v7e-m/nofp\libm.a
END GROUP
START GROUP
LOAD C:/ST/STM32CubeIDE_1.16.0/STM32CubeIDE/plugins/com.st.stm32cube.ide.mcu.externaltools.gnu-tools-for-stm32.12.3.rel1.win32_1.0.200.202406191623/tools/bin/../lib/gcc/arm-none-eabi/12.3.1/thumb/v7e-m/nofp\libgcc.a
LOAD C:/ST/STM32CubeIDE_1.16.0/STM32CubeIDE/plugins/com.st.stm32cube.ide.mcu.externaltools.gnu-tools-for-stm32.12.3.rel1.win32_1.0.200.202406191623/tools/bin/../lib/gcc/arm-none-eabi/12.3.1/../../../../arm-none-eabi/lib/thumb/v7e-m/nofp\libc_nano.a
END GROUP
START GROUP
LOAD C:/ST/STM32CubeIDE_1.16.0/STM32CubeIDE/plugins/com.st.stm32cube.ide.mcu.externaltools.gnu-tools-for-stm32.12.3.rel1.win32_1.0.200.202406191623/tools/bin/../lib/gcc/arm-none-eabi/12.3.1/thumb/v7e-m/nofp\libgcc.a
LOAD C:/ST/STM32CubeIDE_1.16.0/STM32CubeIDE/plugins/com.st.stm32cube.ide.mcu.externaltools.gnu-tools-for-stm32.12.3.rel1.win32_1.0.200.202406191623/tools/bin/../lib/gcc/arm-none-eabi/12.3.1/../../../../arm-none-eabi/lib/thumb/v7e-m/nofp\libc_nano.a
LOAD C:/ST/STM32CubeIDE_1.16.0/STM32CubeIDE/plugins/com.st.stm32cube.ide.mcu.externaltools.gnu-tools-for-stm32.12.3.rel1.win32_1.0.200.202406191623/tools/bin/../lib/gcc/arm-none-eabi/12.3.1/../../../../arm-none-eabi/lib/thumb/v7e-m/nofp\libnosys.a
END GROUP
START GROUP
LOAD C:/ST/STM32CubeIDE_1.16.0/STM32CubeIDE/plugins/com.st.stm32cube.ide.mcu.externaltools.gnu-tools-for-stm32.12.3.rel1.win32_1.0.200.202406191623/tools/bin/../lib/gcc/arm-none-eabi/12.3.1/thumb/v7e-m/nofp\libgcc.a
LOAD C:/ST/STM32CubeIDE_1.16.0/STM32CubeIDE/plugins/com.st.stm32cube.ide.mcu.externaltools.gnu-tools-for-stm32.12.3.rel1.win32_1.0.200.202406191623/tools/bin/../lib/gcc/arm-none-eabi/12.3.1/../../../../arm-none-eabi/lib/thumb/v7e-m/nofp\libc_nano.a
LOAD C:/ST/STM32CubeIDE_1.16.0/STM32CubeIDE/plugins/com.st.stm32cube.ide.mcu.externaltools.gnu-tools-for-stm32.12.3.rel1.win32_1.0.200.202406191623/tools/bin/../lib/gcc/arm-none-eabi/12.3.1/../../../../arm-none-eabi/lib/thumb/v7e-m/nofp\libnosys.a
END GROUP
LOAD C:/ST/STM32CubeIDE_1.16.0/STM32CubeIDE/plugins/com.st.stm32cube.ide.mcu.externaltools.gnu-tools-for-stm32.12.3.rel1.win32_1.0.200.202406191623/tools/bin/../lib/gcc/arm-none-eabi/12.3.1/thumb/v7e-m/nofp/crtend.o
LOAD C:/ST/STM32CubeIDE_1.16.0/STM32CubeIDE/plugins/com.st.stm32cube.ide.mcu.externaltools.gnu-tools-for-stm32.12.3.rel1.win32_1.0.200.202406191623/tools/bin/../lib/gcc/arm-none-eabi/12.3.1/thumb/v7e-m/nofp/crtn.o
                0x20030000                        _estack = (ORIGIN (RAM) + LENGTH (RAM))
                0x00000200                        _Min_Heap_Size = 0x200
                0x00000400                        _Min_Stack_Size = 0x400

.isr_vector     0x08000000      0x1ac
                0x08000000                        . = ALIGN (0x4)
 *(.isr_vector)
 .isr_vector    0x08000000      0x1ac ./Startup/startup_stm32f429zitx.o
                0x08000000                g_pfnVectors
                0x080001ac                        . = ALIGN (0x4)

.text           0x080001ac      0xa88
                0x080001ac                        . = ALIGN (0x4)
 *(.text)
 .text          0x080001ac       0x40 C:/ST/STM32CubeIDE_1.16.0/STM32CubeIDE/plugins/com.st.stm32cube.ide.mcu.externaltools.gnu-tools-for-stm32.12.3.rel1.win32_1.0.200.202406191623/tools/bin/../lib/gcc/arm-none-eabi/12.3.1/thumb/v7e-m/nofp/crtbegin.o
 *(.text*)
 .text.greenLEDInit
                0x080001ec        0xe ./Src/ApplicationCode.o
                0x080001ec                greenLEDInit
 .text.redLEDInit
                0x080001fa        0xe ./Src/ApplicationCode.o
                0x080001fa                redLEDInit
 .text.toggleRedLED
                0x08000208        0xe ./Src/ApplicationCode.o
                0x08000208                toggleRedLED
 *fill*         0x08000216        0x2 
 .text.deactivateGreenLED
                0x08000218       0x18 ./Src/ApplicationCode.o
                0x08000218                deactivateGreenLED
 .text.deactivateRedLED
                0x08000230       0x18 ./Src/ApplicationCode.o
                0x08000230                deactivateRedLED
 .text.InitializeUserButton
                0x08000248        0xc ./Src/ApplicationCode.o
                0x08000248                InitializeUserButton
 .text.AppDelay
                0x08000254       0x58 ./Src/ApplicationCode.o
                0x08000254                AppDelay
 .text.applicationInit
                0x080002ac       0x40 ./Src/ApplicationCode.o
                0x080002ac                applicationInit
 .text.TIM2_IRQHandler
                0x080002ec       0x40 ./Src/ApplicationCode.o
                0x080002ec                TIM2_IRQHandler
 .text.User_Button_Enable_Clock
                0x0800032c       0x1c ./Src/Button_Driver.o
                0x0800032c                User_Button_Enable_Clock
 .text.User_Button_Init
                0x08000348       0x38 ./Src/Button_Driver.o
                0x08000348                User_Button_Init
 .text.GPIO_ClockControl
                0x08000380       0x80 ./Src/GPIO_Driver.o
                0x08000380                GPIO_ClockControl
 .text.GPIO_WriteToOutputPin
                0x08000400       0x4c ./Src/GPIO_Driver.o
                0x08000400                GPIO_WriteToOutputPin
 .text.GPIO_ToggleOutputPin
                0x0800044c       0x28 ./Src/GPIO_Driver.o
                0x0800044c                GPIO_ToggleOutputPin
 .text.GPIO_Init
                0x08000474      0x23c ./Src/GPIO_Driver.o
                0x08000474                GPIO_Init
 .text.GPIO_ReturnPortNumber
                0x080006b0       0x34 ./Src/GPIO_Driver.o
                0x080006b0                GPIO_ReturnPortNumber
 .text.NVIC_Enable_Interrupt
                0x080006e4       0x50 ./Src/InterruptControl.o
                0x080006e4                NVIC_Enable_Interrupt
 .text.NVIC_Disable_Interrupt
                0x08000734       0x50 ./Src/InterruptControl.o
                0x08000734                NVIC_Disable_Interrupt
 .text.NVIC_Clear_Pending_Interrupt
                0x08000784       0x50 ./Src/InterruptControl.o
                0x08000784                NVIC_Clear_Pending_Interrupt
 .text.LED_Init
                0x080007d4       0x6c ./Src/LED_Driver.o
                0x080007d4                LED_Init
 .text.ToggleLED
                0x08000840       0x34 ./Src/LED_Driver.o
                0x08000840                ToggleLED
 .text.LED_Timer2_Init
                0x08000874       0x5c ./Src/LED_Driver.o
                0x08000874                LED_Timer2_Init
 .text.LED_Timer2_Start
                0x080008d0       0x10 ./Src/LED_Driver.o
                0x080008d0                LED_Timer2_Start
 .text.LED_Reset_Timer2
                0x080008e0       0x10 ./Src/LED_Driver.o
                0x080008e0                LED_Reset_Timer2
 .text.addSchedulerEvent
                0x080008f0       0x24 ./Src/Scheduler.o
                0x080008f0                addSchedulerEvent
 .text.getScheduledEvents
                0x08000914       0x14 ./Src/Scheduler.o
                0x08000914                getScheduledEvents
 .text.Timer_Init
                0x08000928      0x11e ./Src/Timer_Driver.o
                0x08000928                Timer_Init
 *fill*         0x08000a46        0x2 
 .text.Timer_Clock_Control
                0x08000a48       0x7c ./Src/Timer_Driver.o
                0x08000a48                Timer_Clock_Control
 .text.Timer_Start
                0x08000ac4       0x1e ./Src/Timer_Driver.o
                0x08000ac4                Timer_Start
 .text.Timer_Reset
                0x08000ae2       0x1c ./Src/Timer_Driver.o
                0x08000ae2                Timer_Reset
 *fill*         0x08000afe        0x2 
 .text.Timer_Interrupt_Control
                0x08000b00       0x58 ./Src/Timer_Driver.o
                0x08000b00                Timer_Interrupt_Control
 .text.main     0x08000b58       0x28 ./Src/main.o
                0x08000b58                main
 .text.Reset_Handler
                0x08000b80       0x50 ./Startup/startup_stm32f429zitx.o
                0x08000b80                Reset_Handler
 .text.Default_Handler
                0x08000bd0        0x2 ./Startup/startup_stm32f429zitx.o
                0x08000bd0                RTC_Alarm_IRQHandler
                0x08000bd0                HASH_RNG_IRQHandler
                0x08000bd0                EXTI2_IRQHandler
                0x08000bd0                TIM8_CC_IRQHandler
                0x08000bd0                DebugMon_Handler
                0x08000bd0                UART8_IRQHandler
                0x08000bd0                SPI4_IRQHandler
                0x08000bd0                TIM1_CC_IRQHandler
                0x08000bd0                DMA2_Stream5_IRQHandler
                0x08000bd0                HardFault_Handler
                0x08000bd0                DMA1_Stream5_IRQHandler
                0x08000bd0                SysTick_Handler
                0x08000bd0                PVD_IRQHandler
                0x08000bd0                SDIO_IRQHandler
                0x08000bd0                TAMP_STAMP_IRQHandler
                0x08000bd0                PendSV_Handler
                0x08000bd0                NMI_Handler
                0x08000bd0                CAN2_RX1_IRQHandler
                0x08000bd0                EXTI3_IRQHandler
                0x08000bd0                TIM8_TRG_COM_TIM14_IRQHandler
                0x08000bd0                TIM1_UP_TIM10_IRQHandler
                0x08000bd0                TIM8_UP_TIM13_IRQHandler
                0x08000bd0                I2C3_ER_IRQHandler
                0x08000bd0                LCD_TFT_IRQHandler
                0x08000bd0                EXTI0_IRQHandler
                0x08000bd0                I2C2_EV_IRQHandler
                0x08000bd0                DMA1_Stream2_IRQHandler
                0x08000bd0                CAN1_RX0_IRQHandler
                0x08000bd0                FPU_IRQHandler
                0x08000bd0                OTG_HS_WKUP_IRQHandler
                0x08000bd0                UsageFault_Handler
                0x08000bd0                CAN2_SCE_IRQHandler
                0x08000bd0                DMA2_Stream2_IRQHandler
                0x08000bd0                SPI1_IRQHandler
                0x08000bd0                TIM6_DAC_IRQHandler
                0x08000bd0                TIM1_BRK_TIM9_IRQHandler
                0x08000bd0                DCMI_IRQHandler
                0x08000bd0                CAN2_RX0_IRQHandler
                0x08000bd0                DMA2_Stream3_IRQHandler
                0x08000bd0                USART6_IRQHandler
                0x08000bd0                USART3_IRQHandler
                0x08000bd0                CRYP_IRQHandler
                0x08000bd0                CAN1_RX1_IRQHandler
                0x08000bd0                UART5_IRQHandler
                0x08000bd0                DMA2_Stream0_IRQHandler
                0x08000bd0                TIM4_IRQHandler
                0x08000bd0                I2C1_EV_IRQHandler
                0x08000bd0                DMA1_Stream6_IRQHandler
                0x08000bd0                DMA1_Stream1_IRQHandler
                0x08000bd0                UART4_IRQHandler
                0x08000bd0                LCD_TFT_1_IRQHandler
                0x08000bd0                TIM3_IRQHandler
                0x08000bd0                RCC_IRQHandler
                0x08000bd0                TIM8_BRK_TIM12_IRQHandler
                0x08000bd0                Default_Handler
                0x08000bd0                EXTI15_10_IRQHandler
                0x08000bd0                ADC_IRQHandler
                0x08000bd0                DMA1_Stream7_IRQHandler
                0x08000bd0                SPI5_IRQHandler
                0x08000bd0                TIM7_IRQHandler
                0x08000bd0                CAN2_TX_IRQHandler
                0x08000bd0                TIM5_IRQHandler
                0x08000bd0                DMA2_Stream7_IRQHandler
                0x08000bd0                I2C3_EV_IRQHandler
                0x08000bd0                EXTI9_5_IRQHandler
                0x08000bd0                RTC_WKUP_IRQHandler
                0x08000bd0                ETH_WKUP_IRQHandler
                0x08000bd0                SPI2_IRQHandler
                0x08000bd0                OTG_HS_EP1_IN_IRQHandler
                0x08000bd0                MemManage_Handler
                0x08000bd0                DMA1_Stream0_IRQHandler
                0x08000bd0                CAN1_TX_IRQHandler
                0x08000bd0                SVC_Handler
                0x08000bd0                EXTI4_IRQHandler
                0x08000bd0                ETH_IRQHandler
                0x08000bd0                OTG_HS_EP1_OUT_IRQHandler
                0x08000bd0                WWDG_IRQHandler
                0x08000bd0                SPI6_IRQHandler
                0x08000bd0                OTG_FS_WKUP_IRQHandler
                0x08000bd0                TIM1_TRG_COM_TIM11_IRQHandler
                0x08000bd0                OTG_HS_IRQHandler
                0x08000bd0                DMA2D_IRQHandler
                0x08000bd0                EXTI1_IRQHandler
                0x08000bd0                UART7_IRQHandler
                0x08000bd0                USART2_IRQHandler
                0x08000bd0                I2C2_ER_IRQHandler
                0x08000bd0                DMA2_Stream1_IRQHandler
                0x08000bd0                CAN1_SCE_IRQHandler
                0x08000bd0                FLASH_IRQHandler
                0x08000bd0                DMA2_Stream4_IRQHandler
                0x08000bd0                BusFault_Handler
                0x08000bd0                USART1_IRQHandler
                0x08000bd0                OTG_FS_IRQHandler
                0x08000bd0                SPI3_IRQHandler
                0x08000bd0                DMA1_Stream4_IRQHandler
                0x08000bd0                I2C1_ER_IRQHandler
                0x08000bd0                FMC_IRQHandler
                0x08000bd0                DMA2_Stream6_IRQHandler
                0x08000bd0                SAI1_IRQHandler
                0x08000bd0                DMA1_Stream3_IRQHandler
 *fill*         0x08000bd2        0x2 
 .text.__libc_init_array
                0x08000bd4       0x48 C:/ST/STM32CubeIDE_1.16.0/STM32CubeIDE/plugins/com.st.stm32cube.ide.mcu.externaltools.gnu-tools-for-stm32.12.3.rel1.win32_1.0.200.202406191623/tools/bin/../lib/gcc/arm-none-eabi/12.3.1/../../../../arm-none-eabi/lib/thumb/v7e-m/nofp\libc_nano.a(libc_a-init.o)
                0x08000bd4                __libc_init_array
 *(.glue_7)
 .glue_7        0x08000c1c        0x0 linker stubs
 *(.glue_7t)
 .glue_7t       0x08000c1c        0x0 linker stubs
 *(.eh_frame)
 .eh_frame      0x08000c1c        0x0 C:/ST/STM32CubeIDE_1.16.0/STM32CubeIDE/plugins/com.st.stm32cube.ide.mcu.externaltools.gnu-tools-for-stm32.12.3.rel1.win32_1.0.200.202406191623/tools/bin/../lib/gcc/arm-none-eabi/12.3.1/thumb/v7e-m/nofp/crtbegin.o
 *(.init)
 .init          0x08000c1c        0x4 C:/ST/STM32CubeIDE_1.16.0/STM32CubeIDE/plugins/com.st.stm32cube.ide.mcu.externaltools.gnu-tools-for-stm32.12.3.rel1.win32_1.0.200.202406191623/tools/bin/../lib/gcc/arm-none-eabi/12.3.1/thumb/v7e-m/nofp/crti.o
                0x08000c1c                _init
 .init          0x08000c20        0x8 C:/ST/STM32CubeIDE_1.16.0/STM32CubeIDE/plugins/com.st.stm32cube.ide.mcu.externaltools.gnu-tools-for-stm32.12.3.rel1.win32_1.0.200.202406191623/tools/bin/../lib/gcc/arm-none-eabi/12.3.1/thumb/v7e-m/nofp/crtn.o
 *(.fini)
 .fini          0x08000c28        0x4 C:/ST/STM32CubeIDE_1.16.0/STM32CubeIDE/plugins/com.st.stm32cube.ide.mcu.externaltools.gnu-tools-for-stm32.12.3.rel1.win32_1.0.200.202406191623/tools/bin/../lib/gcc/arm-none-eabi/12.3.1/thumb/v7e-m/nofp/crti.o
                0x08000c28                _fini
 .fini          0x08000c2c        0x8 C:/ST/STM32CubeIDE_1.16.0/STM32CubeIDE/plugins/com.st.stm32cube.ide.mcu.externaltools.gnu-tools-for-stm32.12.3.rel1.win32_1.0.200.202406191623/tools/bin/../lib/gcc/arm-none-eabi/12.3.1/thumb/v7e-m/nofp/crtn.o
                0x08000c34                        . = ALIGN (0x4)
                0x08000c34                        _etext = .

.vfp11_veneer   0x08000c34        0x0
 .vfp11_veneer  0x08000c34        0x0 linker stubs

.v4_bx          0x08000c34        0x0
 .v4_bx         0x08000c34        0x0 linker stubs

.iplt           0x08000c34        0x0
 .iplt          0x08000c34        0x0 C:/ST/STM32CubeIDE_1.16.0/STM32CubeIDE/plugins/com.st.stm32cube.ide.mcu.externaltools.gnu-tools-for-stm32.12.3.rel1.win32_1.0.200.202406191623/tools/bin/../lib/gcc/arm-none-eabi/12.3.1/thumb/v7e-m/nofp/crtbegin.o

.rodata         0x08000c34        0x0
                0x08000c34                        . = ALIGN (0x4)
 *(.rodata)
 *(.rodata*)
                0x08000c34                        . = ALIGN (0x4)

.ARM.extab      0x08000c34        0x0
                0x08000c34                        . = ALIGN (0x4)
 *(.ARM.extab* .gnu.linkonce.armextab.*)
                0x08000c34                        . = ALIGN (0x4)

.ARM            0x08000c34        0x0
                0x08000c34                        . = ALIGN (0x4)
                0x08000c34                        __exidx_start = .
 *(.ARM.exidx*)
                0x08000c34                        __exidx_end = .
                0x08000c34                        . = ALIGN (0x4)

.preinit_array  0x08000c34        0x0
                0x08000c34                        . = ALIGN (0x4)
                0x08000c34                        PROVIDE (__preinit_array_start = .)
 *(.preinit_array*)
                0x08000c34                        PROVIDE (__preinit_array_end = .)
                0x08000c34                        . = ALIGN (0x4)

.init_array     0x08000c34        0x4
                0x08000c34                        . = ALIGN (0x4)
                0x08000c34                        PROVIDE (__init_array_start = .)
 *(SORT_BY_NAME(.init_array.*))
 *(.init_array*)
 .init_array    0x08000c34        0x4 C:/ST/STM32CubeIDE_1.16.0/STM32CubeIDE/plugins/com.st.stm32cube.ide.mcu.externaltools.gnu-tools-for-stm32.12.3.rel1.win32_1.0.200.202406191623/tools/bin/../lib/gcc/arm-none-eabi/12.3.1/thumb/v7e-m/nofp/crtbegin.o
                0x08000c38                        PROVIDE (__init_array_end = .)
                0x08000c38                        . = ALIGN (0x4)

.fini_array     0x08000c38        0x4
                0x08000c38                        . = ALIGN (0x4)
                [!provide]                        PROVIDE (__fini_array_start = .)
 *(SORT_BY_NAME(.fini_array.*))
 *(.fini_array*)
 .fini_array    0x08000c38        0x4 C:/ST/STM32CubeIDE_1.16.0/STM32CubeIDE/plugins/com.st.stm32cube.ide.mcu.externaltools.gnu-tools-for-stm32.12.3.rel1.win32_1.0.200.202406191623/tools/bin/../lib/gcc/arm-none-eabi/12.3.1/thumb/v7e-m/nofp/crtbegin.o
                [!provide]                        PROVIDE (__fini_array_end = .)
                0x08000c3c                        . = ALIGN (0x4)
                0x08000c3c                        _sidata = LOADADDR (.data)

.rel.dyn        0x08000c3c        0x0
 .rel.iplt      0x08000c3c        0x0 C:/ST/STM32CubeIDE_1.16.0/STM32CubeIDE/plugins/com.st.stm32cube.ide.mcu.externaltools.gnu-tools-for-stm32.12.3.rel1.win32_1.0.200.202406191623/tools/bin/../lib/gcc/arm-none-eabi/12.3.1/thumb/v7e-m/nofp/crtbegin.o

.data           0x20000000        0x0 load address 0x08000c3c
                0x20000000                        . = ALIGN (0x4)
                0x20000000                        _sdata = .
 *(.data)
 *(.data*)
 *(.RamFunc)
 *(.RamFunc*)
                0x20000000                        . = ALIGN (0x4)
                0x20000000                        _edata = .
                0x08000c3c                        _siccmram = LOADADDR (.ccmram)

.igot.plt       0x20000000        0x0 load address 0x08000c3c
 .igot.plt      0x20000000        0x0 C:/ST/STM32CubeIDE_1.16.0/STM32CubeIDE/plugins/com.st.stm32cube.ide.mcu.externaltools.gnu-tools-for-stm32.12.3.rel1.win32_1.0.200.202406191623/tools/bin/../lib/gcc/arm-none-eabi/12.3.1/thumb/v7e-m/nofp/crtbegin.o

.ccmram         0x10000000        0x0 load address 0x08000c3c
                0x10000000                        . = ALIGN (0x4)
                0x10000000                        _sccmram = .
 *(.ccmram)
 *(.ccmram*)
                0x10000000                        . = ALIGN (0x4)
                0x10000000                        _eccmram = .
                0x10000000                        . = ALIGN (0x4)

.bss            0x20000000       0x28
                0x20000000                        _sbss = .
                0x20000000                        __bss_start__ = _sbss
 *(.bss)
 .bss           0x20000000       0x1c C:/ST/STM32CubeIDE_1.16.0/STM32CubeIDE/plugins/com.st.stm32cube.ide.mcu.externaltools.gnu-tools-for-stm32.12.3.rel1.win32_1.0.200.202406191623/tools/bin/../lib/gcc/arm-none-eabi/12.3.1/thumb/v7e-m/nofp/crtbegin.o
 *(.bss*)
 .bss.GPIOConfig
                0x2000001c        0x7 ./Src/Button_Driver.o
                0x2000001c                GPIOConfig
 *fill*         0x20000023        0x1 
 .bss.ScheduledEvents
                0x20000024        0x4 ./Src/Scheduler.o
                0x20000024                ScheduledEvents
 *(COMMON)
                0x20000028                        . = ALIGN (0x4)
                0x20000028                        _ebss = .
                0x20000028                        __bss_end__ = _ebss

._user_heap_stack
                0x20000028      0x600
                0x20000028                        . = ALIGN (0x8)
                [!provide]                        PROVIDE (end = .)
                0x20000028                        PROVIDE (_end = .)
                0x20000228                        . = (. + _Min_Heap_Size)
 *fill*         0x20000028      0x200 
                0x20000628                        . = (. + _Min_Stack_Size)
 *fill*         0x20000228      0x400 
                0x20000628                        . = ALIGN (0x8)

/DISCARD/
 libc.a(*)
 libm.a(*)
 libgcc.a(*)

.ARM.attributes
                0x00000000       0x2a
 *(.ARM.attributes)
 .ARM.attributes
                0x00000000       0x1e C:/ST/STM32CubeIDE_1.16.0/STM32CubeIDE/plugins/com.st.stm32cube.ide.mcu.externaltools.gnu-tools-for-stm32.12.3.rel1.win32_1.0.200.202406191623/tools/bin/../lib/gcc/arm-none-eabi/12.3.1/thumb/v7e-m/nofp/crti.o
 .ARM.attributes
                0x0000001e       0x2e C:/ST/STM32CubeIDE_1.16.0/STM32CubeIDE/plugins/com.st.stm32cube.ide.mcu.externaltools.gnu-tools-for-stm32.12.3.rel1.win32_1.0.200.202406191623/tools/bin/../lib/gcc/arm-none-eabi/12.3.1/thumb/v7e-m/nofp/crtbegin.o
 .ARM.attributes
                0x0000004c       0x2e ./Src/ApplicationCode.o
 .ARM.attributes
                0x0000007a       0x2e ./Src/Button_Driver.o
 .ARM.attributes
                0x000000a8       0x2e ./Src/GPIO_Driver.o
 .ARM.attributes
                0x000000d6       0x2e ./Src/InterruptControl.o
 .ARM.attributes
                0x00000104       0x2e ./Src/LED_Driver.o
 .ARM.attributes
                0x00000132       0x2e ./Src/Scheduler.o
 .ARM.attributes
                0x00000160       0x2e ./Src/Timer_Driver.o
 .ARM.attributes
                0x0000018e       0x2e ./Src/main.o
 .ARM.attributes
                0x000001bc       0x21 ./Startup/startup_stm32f429zitx.o
 .ARM.attributes
                0x000001dd       0x2e C:/ST/STM32CubeIDE_1.16.0/STM32CubeIDE/plugins/com.st.stm32cube.ide.mcu.externaltools.gnu-tools-for-stm32.12.3.rel1.win32_1.0.200.202406191623/tools/bin/../lib/gcc/arm-none-eabi/12.3.1/../../../../arm-none-eabi/lib/thumb/v7e-m/nofp\libc_nano.a(libc_a-init.o)
 .ARM.attributes
                0x0000020b       0x1e C:/ST/STM32CubeIDE_1.16.0/STM32CubeIDE/plugins/com.st.stm32cube.ide.mcu.externaltools.gnu-tools-for-stm32.12.3.rel1.win32_1.0.200.202406191623/tools/bin/../lib/gcc/arm-none-eabi/12.3.1/thumb/v7e-m/nofp/crtn.o
OUTPUT(SKadkhodayanLab4.elf elf32-littlearm)
LOAD linker stubs
LOAD C:/ST/STM32CubeIDE_1.16.0/STM32CubeIDE/plugins/com.st.stm32cube.ide.mcu.externaltools.gnu-tools-for-stm32.12.3.rel1.win32_1.0.200.202406191623/tools/bin/../lib/gcc/arm-none-eabi/12.3.1/../../../../arm-none-eabi/lib/thumb/v7e-m/nofp\libc.a
LOAD C:/ST/STM32CubeIDE_1.16.0/STM32CubeIDE/plugins/com.st.stm32cube.ide.mcu.externaltools.gnu-tools-for-stm32.12.3.rel1.win32_1.0.200.202406191623/tools/bin/../lib/gcc/arm-none-eabi/12.3.1/../../../../arm-none-eabi/lib/thumb/v7e-m/nofp\libm.a
LOAD C:/ST/STM32CubeIDE_1.16.0/STM32CubeIDE/plugins/com.st.stm32cube.ide.mcu.externaltools.gnu-tools-for-stm32.12.3.rel1.win32_1.0.200.202406191623/tools/bin/../lib/gcc/arm-none-eabi/12.3.1/thumb/v7e-m/nofp\libgcc.a

.debug_info     0x00000000     0x1e36
 .debug_info    0x00000000      0x4a3 ./Src/ApplicationCode.o
 .debug_info    0x000004a3      0x417 ./Src/Button_Driver.o
 .debug_info    0x000008ba      0x639 ./Src/GPIO_Driver.o
 .debug_info    0x00000ef3      0x1aa ./Src/InterruptControl.o
 .debug_info    0x0000109d      0x5ea ./Src/LED_Driver.o
 .debug_info    0x00001687       0xf7 ./Src/Scheduler.o
 .debug_info    0x0000177e      0x5a0 ./Src/Timer_Driver.o
 .debug_info    0x00001d1e       0xe8 ./Src/main.o
 .debug_info    0x00001e06       0x30 ./Startup/startup_stm32f429zitx.o

.debug_abbrev   0x00000000      0x8c4
 .debug_abbrev  0x00000000      0x190 ./Src/ApplicationCode.o
 .debug_abbrev  0x00000190      0x123 ./Src/Button_Driver.o
 .debug_abbrev  0x000002b3      0x12d ./Src/GPIO_Driver.o
 .debug_abbrev  0x000003e0       0xbf ./Src/InterruptControl.o
 .debug_abbrev  0x0000049f      0x178 ./Src/LED_Driver.o
 .debug_abbrev  0x00000617       0xad ./Src/Scheduler.o
 .debug_abbrev  0x000006c4      0x12c ./Src/Timer_Driver.o
 .debug_abbrev  0x000007f0       0xb0 ./Src/main.o
 .debug_abbrev  0x000008a0       0x24 ./Startup/startup_stm32f429zitx.o

.debug_aranges  0x00000000      0x2a8
 .debug_aranges
                0x00000000       0x80 ./Src/ApplicationCode.o
 .debug_aranges
                0x00000080       0x38 ./Src/Button_Driver.o
 .debug_aranges
                0x000000b8       0x50 ./Src/GPIO_Driver.o
 .debug_aranges
                0x00000108       0x40 ./Src/InterruptControl.o
 .debug_aranges
                0x00000148       0x90 ./Src/LED_Driver.o
 .debug_aranges
                0x000001d8       0x30 ./Src/Scheduler.o
 .debug_aranges
                0x00000208       0x58 ./Src/Timer_Driver.o
 .debug_aranges
                0x00000260       0x20 ./Src/main.o
 .debug_aranges
                0x00000280       0x28 ./Startup/startup_stm32f429zitx.o

.debug_rnglists
                0x00000000      0x1d4
 .debug_rnglists
                0x00000000       0x5b ./Src/ApplicationCode.o
 .debug_rnglists
                0x0000005b       0x25 ./Src/Button_Driver.o
 .debug_rnglists
                0x00000080       0x39 ./Src/GPIO_Driver.o
 .debug_rnglists
                0x000000b9       0x2b ./Src/InterruptControl.o
 .debug_rnglists
                0x000000e4       0x67 ./Src/LED_Driver.o
 .debug_rnglists
                0x0000014b       0x1f ./Src/Scheduler.o
 .debug_rnglists
                0x0000016a       0x3e ./Src/Timer_Driver.o
 .debug_rnglists
                0x000001a8       0x13 ./Src/main.o
 .debug_rnglists
                0x000001bb       0x19 ./Startup/startup_stm32f429zitx.o

.debug_macro    0x00000000     0x18cf
 .debug_macro   0x00000000       0xcc ./Src/ApplicationCode.o
 .debug_macro   0x000000cc      0xab4 ./Src/ApplicationCode.o
 .debug_macro   0x00000b80       0x22 ./Src/ApplicationCode.o
 .debug_macro   0x00000ba2       0x8e ./Src/ApplicationCode.o
 .debug_macro   0x00000c30       0x51 ./Src/ApplicationCode.o
 .debug_macro   0x00000c81      0x103 ./Src/ApplicationCode.o
 .debug_macro   0x00000d84       0x6a ./Src/ApplicationCode.o
 .debug_macro   0x00000dee      0x1df ./Src/ApplicationCode.o
 .debug_macro   0x00000fcd       0x22 ./Src/ApplicationCode.o
 .debug_macro   0x00000fef      0x109 ./Src/ApplicationCode.o
 .debug_macro   0x000010f8       0xd6 ./Src/ApplicationCode.o
 .debug_macro   0x000011ce       0x1c ./Src/ApplicationCode.o
 .debug_macro   0x000011ea      0x100 ./Src/ApplicationCode.o
 .debug_macro   0x000012ea       0x10 ./Src/ApplicationCode.o
 .debug_macro   0x000012fa       0x22 ./Src/ApplicationCode.o
 .debug_macro   0x0000131c       0x22 ./Src/ApplicationCode.o
 .debug_macro   0x0000133e       0x1c ./Src/ApplicationCode.o
 .debug_macro   0x0000135a       0xa2 ./Src/Button_Driver.o
 .debug_macro   0x000013fc       0x1c ./Src/Button_Driver.o
 .debug_macro   0x00001418       0x93 ./Src/GPIO_Driver.o
 .debug_macro   0x000014ab       0x8a ./Src/InterruptControl.o
 .debug_macro   0x00001535       0x16 ./Src/InterruptControl.o
 .debug_macro   0x0000154b       0xab ./Src/LED_Driver.o
 .debug_macro   0x000015f6       0x8a ./Src/Scheduler.o
 .debug_macro   0x00001680       0x1c ./Src/Scheduler.o
 .debug_macro   0x0000169c       0x93 ./Src/Timer_Driver.o
 .debug_macro   0x0000172f       0xd0 ./Src/Timer_Driver.o
 .debug_macro   0x000017ff       0xd0 ./Src/main.o

.debug_line     0x00000000     0x2cf0
 .debug_line    0x00000000      0x63e ./Src/ApplicationCode.o
 .debug_line    0x0000063e      0x4e0 ./Src/Button_Driver.o
 .debug_line    0x00000b1e      0x6cc ./Src/GPIO_Driver.o
 .debug_line    0x000011ea      0x52f ./Src/InterruptControl.o
 .debug_line    0x00001719      0x639 ./Src/LED_Driver.o
 .debug_line    0x00001d52      0x475 ./Src/Scheduler.o
 .debug_line    0x000021c7      0x5ef ./Src/Timer_Driver.o
 .debug_line    0x000027b6      0x4bf ./Src/main.o
 .debug_line    0x00002c75       0x7b ./Startup/startup_stm32f429zitx.o

.debug_str      0x00000000     0x5254
 .debug_str     0x00000000     0x4c1a ./Src/ApplicationCode.o
                               0x4dac (size before relaxing)
 .debug_str     0x00004c1a      0x1e0 ./Src/Button_Driver.o
                               0x4978 (size before relaxing)
 .debug_str     0x00004dfa      0x121 ./Src/GPIO_Driver.o
                               0x49ec (size before relaxing)
 .debug_str     0x00004f1b       0x5f ./Src/InterruptControl.o
                               0x4433 (size before relaxing)
 .debug_str     0x00004f7a      0x1e1 ./Src/LED_Driver.o
                               0x4d46 (size before relaxing)
 .debug_str     0x0000515b       0x41 ./Src/Scheduler.o
                               0x43ec (size before relaxing)
 .debug_str     0x0000519c       0x5a ./Src/Timer_Driver.o
                               0x4958 (size before relaxing)
 .debug_str     0x000051f6       0x1f ./Src/main.o
                               0x4b4f (size before relaxing)
 .debug_str     0x00005215       0x3f ./Startup/startup_stm32f429zitx.o
                                 0x82 (size before relaxing)

.comment        0x00000000       0x43
 .comment       0x00000000       0x43 ./Src/ApplicationCode.o
                                 0x44 (size before relaxing)
 .comment       0x00000043       0x44 ./Src/Button_Driver.o
 .comment       0x00000043       0x44 ./Src/GPIO_Driver.o
 .comment       0x00000043       0x44 ./Src/InterruptControl.o
 .comment       0x00000043       0x44 ./Src/LED_Driver.o
 .comment       0x00000043       0x44 ./Src/Scheduler.o
 .comment       0x00000043       0x44 ./Src/Timer_Driver.o
 .comment       0x00000043       0x44 ./Src/main.o

.debug_frame    0x00000000      0x838
 .debug_frame   0x00000000      0x188 ./Src/ApplicationCode.o
 .debug_frame   0x00000188       0x84 ./Src/Button_Driver.o
 .debug_frame   0x0000020c      0x128 ./Src/GPIO_Driver.o
 .debug_frame   0x00000334       0xd8 ./Src/InterruptControl.o
 .debug_frame   0x0000040c      0x208 ./Src/LED_Driver.o
 .debug_frame   0x00000614       0x80 ./Src/Scheduler.o
 .debug_frame   0x00000694      0x148 ./Src/Timer_Driver.o
 .debug_frame   0x000007dc       0x30 ./Src/main.o
 .debug_frame   0x0000080c       0x2c C:/ST/STM32CubeIDE_1.16.0/STM32CubeIDE/plugins/com.st.stm32cube.ide.mcu.externaltools.gnu-tools-for-stm32.12.3.rel1.win32_1.0.200.202406191623/tools/bin/../lib/gcc/arm-none-eabi/12.3.1/../../../../arm-none-eabi/lib/thumb/v7e-m/nofp\libc_nano.a(libc_a-init.o)

.debug_line_str
                0x00000000       0x66
 .debug_line_str
                0x00000000       0x66 ./Startup/startup_stm32f429zitx.o
